#-----------------------------------------------------------
# Vivado v2025.2 (64-bit)
# SW Build 6299465 on Fri Nov 14 19:35:11 GMT 2025
# IP Build 6300035 on Fri Nov 14 10:48:45 MST 2025
# SharedData Build 6298862 on Thu Nov 13 04:50:51 MST 2025
# Start of session at: Mon Jul 13 12:22:53 2026
# Process ID         : 39180
# Current directory  : D:/BaiduSyncdisk/02_icdc_workspace/.worktrees/coremark7-dmips5-20260508/artifacts/strict_50m_timing_opt_20260609/impl136_lightfold_rc512_tagtrim_routeHigherDelayCost_cpu50_wns+0p017
# Command line       : vivado.exe -mode batch -notrace -source D:\BaiduSyncdisk\02_icdc_workspace\.worktrees\coremark7-dmips5-20260508\artifacts\strict_50m_timing_opt_20260609\impl136_lightfold_rc512_tagtrim_routeHigherDelayCost_cpu50_wns+0p017\probe_hw_targets_impl136.tcl -log D:\BaiduSyncdisk\02_icdc_workspace\.worktrees\coremark7-dmips5-20260508\artifacts\strict_50m_timing_opt_20260609\impl136_lightfold_rc512_tagtrim_routeHigherDelayCost_cpu50_wns+0p017\vivado_hw_probe_impl136.log -journal D:\BaiduSyncdisk\02_icdc_workspace\.worktrees\coremark7-dmips5-20260508\artifacts\strict_50m_timing_opt_20260609\impl136_lightfold_rc512_tagtrim_routeHigherDelayCost_cpu50_wns+0p017\vivado_hw_probe_impl136.jou
# Log file           : D:/BaiduSyncdisk/02_icdc_workspace/.worktrees/coremark7-dmips5-20260508/artifacts/strict_50m_timing_opt_20260609/impl136_lightfold_rc512_tagtrim_routeHigherDelayCost_cpu50_wns+0p017/vivado_hw_probe_impl136.log
# Journal file       : D:\BaiduSyncdisk\02_icdc_workspace\.worktrees\coremark7-dmips5-20260508\artifacts\strict_50m_timing_opt_20260609\impl136_lightfold_rc512_tagtrim_routeHigherDelayCost_cpu50_wns+0p017\vivado_hw_probe_impl136.jou
# Running On         : Toylog_desktop
# Platform           : Windows Server 2016 or Windows 10
# Operating System   : 26200
# Processor Detail   : AMD Ryzen 7 7435H
# CPU Frequency      : 3094 MHz
# CPU Physical cores : 8
# CPU Logical cores  : 16
# Host memory        : 34082 MB
# Swap memory        : 2147 MB
# Total Virtual      : 36230 MB
# Available Virtual  : 9652 MB
#-----------------------------------------------------------
source {D:\BaiduSyncdisk\02_icdc_workspace\.worktrees\coremark7-dmips5-20260508\artifacts\strict_50m_timing_opt_20260609\impl136_lightfold_rc512_tagtrim_routeHigherDelayCost_cpu50_wns+0p017\probe_hw_targets_impl136.tcl} -notrace
