Copyright 1986-2022 Xilinx, Inc. All Rights Reserved. Copyright 2022-2025 Advanced Micro Devices, Inc. All Rights Reserved.
---------------------------------------------------------------------------------------------------------------------------------------------
| Tool Version : Vivado v.2025.2 (win64) Build 6299465 Fri Nov 14 19:35:11 GMT 2025
| Date         : Thu Apr 30 23:54:22 2026
| Host         : Toylog_desktop running 64-bit major release  (build 9200)
| Command      : report_timing_summary -file V:/project/reports/pynq_z2_sysclk_8p000ns_cpu50/impl_timing_summary.rpt
| Design       : YH_rv_cpu_fpga_top
| Device       : 7z020-clg400
| Speed File   : -1  PRODUCTION 1.12 2019-11-22
| Design State : Physopt postRoute
---------------------------------------------------------------------------------------------------------------------------------------------

Timing Summary Report

------------------------------------------------------------------------------------------------
| Timer Settings
| --------------
------------------------------------------------------------------------------------------------

  Enable Multi Corner Analysis               :  Yes
  Enable Pessimism Removal                   :  Yes
  Pessimism Removal Resolution               :  Nearest Common Node
  Enable Input Delay Default Clock           :  No
  Enable Preset / Clear Arcs                 :  No
  Disable Flight Delays                      :  No
  Ignore I/O Paths                           :  No
  Timing Early Launch at Borrowing Latches   :  No
  Borrow Time for Max Delay Exceptions       :  Yes
  Merge Timing Exceptions                    :  Yes
  Inter-SLR Compensation                     :  Conservative

  Corner  Analyze    Analyze    
  Name    Max Paths  Min Paths  
  ------  ---------  ---------  
  Slow    Yes        Yes        
  Fast    Yes        Yes        


------------------------------------------------------------------------------------------------
| Report Methodology
| ------------------
------------------------------------------------------------------------------------------------

No report available as report_methodology has not been run prior. Run report_methodology on the current design for the summary of methodology violations.



check_timing report

Table of Contents
-----------------
1. checking no_clock (0)
2. checking constant_clock (0)
3. checking pulse_width_clock (0)
4. checking unconstrained_internal_endpoints (0)
5. checking no_input_delay (1)
6. checking no_output_delay (4)
7. checking multiple_clock (0)
8. checking generated_clocks (0)
9. checking loops (0)
10. checking partial_input_delay (0)
11. checking partial_output_delay (0)
12. checking latch_loops (0)

1. checking no_clock (0)
------------------------
 There are 0 register/latch pins with no clock.


2. checking constant_clock (0)
------------------------------
 There are 0 register/latch pins with constant_clock.


3. checking pulse_width_clock (0)
---------------------------------
 There are 0 register/latch pins which need pulse_width check


4. checking unconstrained_internal_endpoints (0)
------------------------------------------------
 There are 0 pins that are not constrained for maximum delay.

 There are 0 pins that are not constrained for maximum delay due to constant clock.


5. checking no_input_delay (1)
------------------------------
 There is 1 input port with no input delay specified. (HIGH)

 There are 0 input ports with no input delay but user has a false path constraint.


6. checking no_output_delay (4)
-------------------------------
 There are 4 ports with no output delay specified. (HIGH)

 There are 0 ports with no output delay but user has a false path constraint

 There are 0 ports with no output delay but with a timing clock defined on it or propagating through it


7. checking multiple_clock (0)
------------------------------
 There are 0 register/latch pins with multiple clocks.


8. checking generated_clocks (0)
--------------------------------
 There are 0 generated clocks that are not connected to a clock source.


9. checking loops (0)
---------------------
 There are 0 combinational loops in the design.


10. checking partial_input_delay (0)
------------------------------------
 There are 0 input ports with partial input delay specified.


11. checking partial_output_delay (0)
-------------------------------------
 There are 0 ports with partial output delay specified.


12. checking latch_loops (0)
----------------------------
 There are 0 combinational latch loops in the design through latch input



------------------------------------------------------------------------------------------------
| Design Timing Summary
| ---------------------
------------------------------------------------------------------------------------------------

    WNS(ns)      TNS(ns)  TNS Failing Endpoints  TNS Total Endpoints      WHS(ns)      THS(ns)  THS Failing Endpoints  THS Total Endpoints     WPWS(ns)     TPWS(ns)  TPWS Failing Endpoints  TPWS Total Endpoints  
    -------      -------  ---------------------  -------------------      -------      -------  ---------------------  -------------------     --------     --------  ----------------------  --------------------  
      0.440        0.000                      0                 6920        0.151        0.000                      0                 6920        2.000        0.000                       0                  2341  


All user specified timing constraints are met.


------------------------------------------------------------------------------------------------
| Clock Summary
| -------------
------------------------------------------------------------------------------------------------

Clock                       Waveform(ns)         Period(ns)      Frequency(MHz)
-----                       ------------         ----------      --------------
pynq_sys_clk                {0.000 4.000}        8.000           125.000         
  gen_pynq_clk_50m.clkfb    {0.000 4.000}        8.000           125.000         
  gen_pynq_clk_50m.clkout0  {0.000 10.000}       20.000          50.000          


------------------------------------------------------------------------------------------------
| Intra Clock Table
| -----------------
------------------------------------------------------------------------------------------------

Clock                           WNS(ns)      TNS(ns)  TNS Failing Endpoints  TNS Total Endpoints      WHS(ns)      THS(ns)  THS Failing Endpoints  THS Total Endpoints     WPWS(ns)     TPWS(ns)  TPWS Failing Endpoints  TPWS Total Endpoints  
-----                           -------      -------  ---------------------  -------------------      -------      -------  ---------------------  -------------------     --------     --------  ----------------------  --------------------  
pynq_sys_clk                                                                                                                                                                  2.000        0.000                       0                     1  
  gen_pynq_clk_50m.clkfb                                                                                                                                                      5.845        0.000                       0                     3  
  gen_pynq_clk_50m.clkout0        0.440        0.000                      0                 4602        0.151        0.000                      0                 4602        9.500        0.000                       0                  2337  


------------------------------------------------------------------------------------------------
| Inter Clock Table
| -----------------
------------------------------------------------------------------------------------------------

From Clock    To Clock          WNS(ns)      TNS(ns)  TNS Failing Endpoints  TNS Total Endpoints      WHS(ns)      THS(ns)  THS Failing Endpoints  THS Total Endpoints  
----------    --------          -------      -------  ---------------------  -------------------      -------      -------  ---------------------  -------------------  


------------------------------------------------------------------------------------------------
| Other Path Groups Table
| -----------------------
------------------------------------------------------------------------------------------------

Path Group                From Clock                To Clock                      WNS(ns)      TNS(ns)  TNS Failing Endpoints  TNS Total Endpoints      WHS(ns)      THS(ns)  THS Failing Endpoints  THS Total Endpoints  
----------                ----------                --------                      -------      -------  ---------------------  -------------------      -------      -------  ---------------------  -------------------  
**async_default**         gen_pynq_clk_50m.clkout0  gen_pynq_clk_50m.clkout0       10.121        0.000                      0                 2318        0.961        0.000                      0                 2318  


------------------------------------------------------------------------------------------------
| Timing Details
| --------------
------------------------------------------------------------------------------------------------


---------------------------------------------------------------------------------------------------
From Clock:  pynq_sys_clk
  To Clock:  pynq_sys_clk

Setup :           NA  Failing Endpoints,  Worst Slack           NA  ,  Total Violation           NA
Hold  :           NA  Failing Endpoints,  Worst Slack           NA  ,  Total Violation           NA
PW    :            0  Failing Endpoints,  Worst Slack        2.000ns,  Total Violation        0.000ns
---------------------------------------------------------------------------------------------------


Pulse Width Checks
--------------------------------------------------------------------------------------
Clock Name:         pynq_sys_clk
Waveform(ns):       { 0.000 4.000 }
Period(ns):         8.000
Sources:            { CLK100MHZ }

Check Type        Corner  Lib Pin            Reference Pin  Required(ns)  Actual(ns)  Slack(ns)  Location         Pin
Min Period        n/a     MMCME2_ADV/CLKIN1  n/a            1.249         8.000       6.751      MMCME2_ADV_X1Y2  gen_pynq_clk_50m.u_clk_mmcm/CLKIN1
Max Period        n/a     MMCME2_ADV/CLKIN1  n/a            100.000       8.000       92.000     MMCME2_ADV_X1Y2  gen_pynq_clk_50m.u_clk_mmcm/CLKIN1
Low Pulse Width   Slow    MMCME2_ADV/CLKIN1  n/a            2.000         4.000       2.000      MMCME2_ADV_X1Y2  gen_pynq_clk_50m.u_clk_mmcm/CLKIN1
High Pulse Width  Slow    MMCME2_ADV/CLKIN1  n/a            2.000         4.000       2.000      MMCME2_ADV_X1Y2  gen_pynq_clk_50m.u_clk_mmcm/CLKIN1



---------------------------------------------------------------------------------------------------
From Clock:  gen_pynq_clk_50m.clkfb
  To Clock:  gen_pynq_clk_50m.clkfb

Setup :           NA  Failing Endpoints,  Worst Slack           NA  ,  Total Violation           NA
Hold  :           NA  Failing Endpoints,  Worst Slack           NA  ,  Total Violation           NA
PW    :            0  Failing Endpoints,  Worst Slack        5.845ns,  Total Violation        0.000ns
---------------------------------------------------------------------------------------------------


Pulse Width Checks
--------------------------------------------------------------------------------------
Clock Name:         gen_pynq_clk_50m.clkfb
Waveform(ns):       { 0.000 4.000 }
Period(ns):         8.000
Sources:            { gen_pynq_clk_50m.u_clk_mmcm/CLKFBOUT }

Check Type  Corner  Lib Pin             Reference Pin  Required(ns)  Actual(ns)  Slack(ns)  Location         Pin
Min Period  n/a     BUFG/I              n/a            2.155         8.000       5.845      BUFGCTRL_X0Y17   gen_pynq_clk_50m.u_clkfb_bufg/I
Max Period  n/a     MMCME2_ADV/CLKFBIN  n/a            100.000       8.000       92.000     MMCME2_ADV_X1Y2  gen_pynq_clk_50m.u_clk_mmcm/CLKFBIN



---------------------------------------------------------------------------------------------------
From Clock:  gen_pynq_clk_50m.clkout0
  To Clock:  gen_pynq_clk_50m.clkout0

Setup :            0  Failing Endpoints,  Worst Slack        0.440ns,  Total Violation        0.000ns
Hold  :            0  Failing Endpoints,  Worst Slack        0.151ns,  Total Violation        0.000ns
PW    :            0  Failing Endpoints,  Worst Slack        9.500ns,  Total Violation        0.000ns
---------------------------------------------------------------------------------------------------


Max Delay Paths
--------------------------------------------------------------------------------------
Slack (MET) :             0.440ns  (required time - arrival time)
  Source:                 u_soc/u_cpu/ex_mem_rd_addr_r_reg[0]/C
                            (rising edge-triggered cell FDCE clocked by gen_pynq_clk_50m.clkout0  {rise@0.000ns fall@10.000ns period=20.000ns})
  Destination:            u_soc/g_shared_sync_rom.u_sync_rom/imem_rvalid_r_reg/D
                            (rising edge-triggered cell FDRE clocked by gen_pynq_clk_50m.clkout0  {rise@0.000ns fall@10.000ns period=20.000ns})
  Path Group:             gen_pynq_clk_50m.clkout0
  Path Type:              Setup (Max at Slow Process Corner)
  Requirement:            20.000ns  (gen_pynq_clk_50m.clkout0 rise@20.000ns - gen_pynq_clk_50m.clkout0 rise@0.000ns)
  Data Path Delay:        19.526ns  (logic 5.481ns (28.071%)  route 14.045ns (71.929%))
  Logic Levels:           26  (CARRY4=7 LUT3=2 LUT4=3 LUT5=4 LUT6=10)
  Clock Path Skew:        0.015ns (DCD - SCD + CPR)
    Destination Clock Delay (DCD):    -1.327ns = ( 18.673 - 20.000 ) 
    Source Clock Delay      (SCD):    -0.757ns
    Clock Pessimism Removal (CPR):    0.584ns
  Clock Uncertainty:      0.079ns  ((TSJ^2 + DJ^2)^1/2) / 2 + PE
    Total System Jitter     (TSJ):    0.071ns
    Discrete Jitter          (DJ):    0.141ns
    Phase Error              (PE):    0.000ns

    Location             Delay type                Incr(ns)  Path(ns)    Netlist Resource(s)
  -------------------------------------------------------------------    -------------------
                         (clock gen_pynq_clk_50m.clkout0 rise edge)
                                                      0.000     0.000 r  
    H16                                               0.000     0.000 r  CLK100MHZ (IN)
                         net (fo=0)                   0.000     0.000    CLK100MHZ
    H16                  IBUF (Prop_ibuf_I_O)         1.451     1.451 r  CLK100MHZ_IBUF_inst/O
                         net (fo=1, routed)           1.285     2.736    CLK100MHZ_IBUF
    MMCME2_ADV_X1Y2      MMCME2_ADV (Prop_mmcme2_adv_CLKIN1_CLKOUT0)
                                                     -7.759    -5.023 r  gen_pynq_clk_50m.u_clk_mmcm/CLKOUT0
                         net (fo=1, routed)           2.206    -2.817    gen_pynq_clk_50m.clkout0
    BUFGCTRL_X0Y16       BUFG (Prop_bufg_I_O)         0.101    -2.716 r  gen_pynq_clk_50m.u_cpu_clk_bufg/O
                         net (fo=2335, routed)        1.959    -0.757    u_soc/u_cpu/cpu_clk
    SLICE_X91Y121        FDCE                                         r  u_soc/u_cpu/ex_mem_rd_addr_r_reg[0]/C
  -------------------------------------------------------------------    -------------------
    SLICE_X91Y121        FDCE (Prop_fdce_C_Q)         0.456    -0.301 f  u_soc/u_cpu/ex_mem_rd_addr_r_reg[0]/Q
                         net (fo=12, routed)          0.909     0.608    u_soc/ex_mem_rd_addr_r[0]
    SLICE_X90Y121        LUT5 (Prop_lut5_I0_O)        0.124     0.732 r  u_soc/gen_mul_extension.mul_signed_i_171/O
                         net (fo=1, routed)           0.161     0.893    u_soc/u_cpu/u_ex_stage/u_alu/gen_mul_extension.mul_signed_i_108_0
    SLICE_X90Y121        LUT4 (Prop_lut4_I3_O)        0.124     1.017 f  u_soc/u_cpu/u_ex_stage/u_alu/gen_mul_extension.mul_signed_i_161/O
                         net (fo=1, routed)           0.405     1.422    u_soc/u_cpu/u_ex_stage/u_alu/gen_mul_extension.mul_signed_i_161_n_0
    SLICE_X91Y122        LUT5 (Prop_lut5_I4_O)        0.124     1.546 f  u_soc/u_cpu/u_ex_stage/u_alu/gen_mul_extension.mul_signed_i_108/O
                         net (fo=34, routed)          0.729     2.275    u_soc/u_cpu/u_ex_stage/u_alu/forward_b_sel[0]
    SLICE_X91Y121        LUT6 (Prop_lut6_I0_O)        0.124     2.399 f  u_soc/u_cpu/u_ex_stage/u_alu/gen_mul_extension.mul_signed_i_113/O
                         net (fo=30, routed)          0.938     3.337    u_soc/u_cpu/u_ex_stage/u_alu/gen_mul_extension.mul_signed_i_113_n_0
    SLICE_X87Y119        LUT6 (Prop_lut6_I4_O)        0.124     3.461 r  u_soc/u_cpu/u_ex_stage/u_alu/gen_mul_extension.mul_signed_i_67/O
                         net (fo=2, routed)           0.465     3.926    u_soc/u_cpu/ex_rs2_forwarded__0[2]
    SLICE_X85Y117        LUT6 (Prop_lut6_I3_O)        0.124     4.050 r  u_soc/u_cpu/ex_mem_store_data_r[10]_i_4/O
                         net (fo=3, routed)           0.412     4.462    u_soc/u_cpu/ex_rs2_forwarded[2]
    SLICE_X85Y117        LUT3 (Prop_lut3_I0_O)        0.118     4.580 r  u_soc/u_cpu/ex_mem_mem_addr_r[7]_i_12/O
                         net (fo=2, routed)           0.752     5.333    u_soc/u_cpu/ex_mem_mem_addr_r[7]_i_12_n_0
    SLICE_X87Y117        LUT6 (Prop_lut6_I2_O)        0.326     5.659 r  u_soc/u_cpu/ex_mem_mem_addr_r[7]_i_8/O
                         net (fo=1, routed)           0.839     6.497    u_soc/u_cpu/ex_mem_mem_addr_r[7]_i_8_n_0
    SLICE_X95Y118        LUT5 (Prop_lut5_I3_O)        0.124     6.621 r  u_soc/u_cpu/ex_mem_mem_addr_r[7]_i_4/O
                         net (fo=1, routed)           0.000     6.621    u_soc/u_cpu/ex_mem_mem_addr_r[7]_i_4_n_0
    SLICE_X95Y118        CARRY4 (Prop_carry4_S[1]_CO[3])
                                                      0.550     7.171 r  u_soc/u_cpu/ex_mem_mem_addr_r_reg[7]_i_1/CO[3]
                         net (fo=1, routed)           0.000     7.171    u_soc/u_cpu/ex_mem_mem_addr_r_reg[7]_i_1_n_0
    SLICE_X95Y119        CARRY4 (Prop_carry4_CI_CO[3])
                                                      0.114     7.285 r  u_soc/u_cpu/ex_mem_mem_addr_r_reg[11]_i_1/CO[3]
                         net (fo=1, routed)           0.000     7.285    u_soc/u_cpu/ex_mem_mem_addr_r_reg[11]_i_1_n_0
    SLICE_X95Y120        CARRY4 (Prop_carry4_CI_CO[3])
                                                      0.114     7.399 r  u_soc/u_cpu/ex_mem_mem_addr_r_reg[15]_i_1/CO[3]
                         net (fo=1, routed)           0.000     7.399    u_soc/u_cpu/ex_mem_mem_addr_r_reg[15]_i_1_n_0
    SLICE_X95Y121        CARRY4 (Prop_carry4_CI_CO[3])
                                                      0.114     7.513 r  u_soc/u_cpu/ex_mem_mem_addr_r_reg[19]_i_1/CO[3]
                         net (fo=1, routed)           0.000     7.513    u_soc/u_cpu/ex_mem_mem_addr_r_reg[19]_i_1_n_0
    SLICE_X95Y122        CARRY4 (Prop_carry4_CI_CO[3])
                                                      0.114     7.627 r  u_soc/u_cpu/ex_mem_mem_addr_r_reg[23]_i_1/CO[3]
                         net (fo=1, routed)           0.000     7.627    u_soc/u_cpu/ex_mem_mem_addr_r_reg[23]_i_1_n_0
    SLICE_X95Y123        CARRY4 (Prop_carry4_CI_O[3])
                                                      0.329     7.956 r  u_soc/u_cpu/ex_mem_mem_addr_r_reg[27]_i_1/O[3]
                         net (fo=2, routed)           0.666     8.622    u_soc/u_cpu/ex_mem_addr[27]
    SLICE_X102Y123       LUT4 (Prop_lut4_I3_O)        0.306     8.928 r  u_soc/u_cpu/fetch_pc_r[27]_i_6/O
                         net (fo=4, routed)           0.785     9.713    u_soc/u_cpu/ex_redirect_pc[27]
    SLICE_X100Y124       LUT6 (Prop_lut6_I2_O)        0.124     9.837 r  u_soc/u_cpu/ex_decode_flush_valid_inst_i_25/O
                         net (fo=1, routed)           0.000     9.837    u_soc/u_cpu/ex_decode_flush_valid_inst_i_25_n_0
    SLICE_X100Y124       CARRY4 (Prop_carry4_S[1]_CO[2])
                                                      0.574    10.411 f  u_soc/u_cpu/ex_decode_flush_valid_inst_i_11/CO[2]
                         net (fo=1, routed)           0.659    11.070    u_soc/u_cpu/u_ex_stage/u_alu/fetch_buf0_valid_r_i_5_0[0]
    SLICE_X99Y118        LUT6 (Prop_lut6_I4_O)        0.310    11.380 r  u_soc/u_cpu/u_ex_stage/u_alu/ex_decode_flush_valid_inst_i_4/O
                         net (fo=8, routed)           0.956    12.336    u_soc/u_cpu/u_ex_stage/u_alu/fetch_reuse_redirect_valid
    SLICE_X93Y124        LUT3 (Prop_lut3_I1_O)        0.118    12.454 r  u_soc/u_cpu/u_ex_stage/u_alu/imem_rdata_r_reg_0_i_69/O
                         net (fo=15, routed)          0.793    13.247    u_soc/u_cpu/u_ex_stage/u_alu/id_ex_wb_sel_r_reg[1]
    SLICE_X88Y126        LUT5 (Prop_lut5_I4_O)        0.326    13.573 f  u_soc/u_cpu/u_ex_stage/u_alu/ex_decode_flush_valid_inst_i_5/O
                         net (fo=4, routed)           0.436    14.009    u_soc/u_cpu/u_ex_stage/u_alu/p_42_in
    SLICE_X89Y126        LUT6 (Prop_lut6_I4_O)        0.124    14.133 f  u_soc/u_cpu/u_ex_stage/u_alu/fetch_valid_r_i_2/O
                         net (fo=32, routed)          1.058    15.191    u_soc/u_cpu/u_ex_stage/u_alu/fetch_valid_r_i_2_n_0
    SLICE_X97Y127        LUT4 (Prop_lut4_I0_O)        0.124    15.315 r  u_soc/u_cpu/u_ex_stage/u_alu/fetch_valid_r_i_1/O
                         net (fo=34, routed)          1.300    16.614    u_soc/u_cpu/u_ex_stage/u_alu/if_id_valid_r_reg_0
    SLICE_X107Y128       LUT6 (Prop_lut6_I0_O)        0.124    16.738 r  u_soc/u_cpu/u_ex_stage/u_alu/imem_rvalid_r_i_8/O
                         net (fo=1, routed)           0.991    17.730    u_soc/u_cpu/u_ex_stage/u_alu/imem_rvalid_r_i_8_n_0
    SLICE_X106Y131       LUT6 (Prop_lut6_I0_O)        0.124    17.854 r  u_soc/u_cpu/u_ex_stage/u_alu/imem_rvalid_r_i_2/O
                         net (fo=1, routed)           0.791    18.644    u_soc/u_cpu/u_ex_stage/u_alu/imem_rvalid_r_i_2_n_0
    SLICE_X106Y126       LUT6 (Prop_lut6_I0_O)        0.124    18.768 r  u_soc/u_cpu/u_ex_stage/u_alu/imem_rvalid_r_i_1/O
                         net (fo=1, routed)           0.000    18.768    u_soc/g_shared_sync_rom.u_sync_rom/imem_rvalid_r_reg_0
    SLICE_X106Y126       FDRE                                         r  u_soc/g_shared_sync_rom.u_sync_rom/imem_rvalid_r_reg/D
  -------------------------------------------------------------------    -------------------

                         (clock gen_pynq_clk_50m.clkout0 rise edge)
                                                     20.000    20.000 r  
    H16                                               0.000    20.000 r  CLK100MHZ (IN)
                         net (fo=0)                   0.000    20.000    CLK100MHZ
    H16                  IBUF (Prop_ibuf_I_O)         1.380    21.380 r  CLK100MHZ_IBUF_inst/O
                         net (fo=1, routed)           1.162    22.542    CLK100MHZ_IBUF
    MMCME2_ADV_X1Y2      MMCME2_ADV (Prop_mmcme2_adv_CLKIN1_CLKOUT0)
                                                     -7.814    14.728 r  gen_pynq_clk_50m.u_clk_mmcm/CLKOUT0
                         net (fo=1, routed)           2.012    16.740    gen_pynq_clk_50m.clkout0
    BUFGCTRL_X0Y16       BUFG (Prop_bufg_I_O)         0.091    16.831 r  gen_pynq_clk_50m.u_cpu_clk_bufg/O
                         net (fo=2335, routed)        1.842    18.673    u_soc/g_shared_sync_rom.u_sync_rom/cpu_clk
    SLICE_X106Y126       FDRE                                         r  u_soc/g_shared_sync_rom.u_sync_rom/imem_rvalid_r_reg/C
                         clock pessimism              0.584    19.258    
                         clock uncertainty           -0.079    19.179    
    SLICE_X106Y126       FDRE (Setup_fdre_C_D)        0.029    19.208    u_soc/g_shared_sync_rom.u_sync_rom/imem_rvalid_r_reg
  -------------------------------------------------------------------
                         required time                         19.208    
                         arrival time                         -18.768    
  -------------------------------------------------------------------
                         slack                                  0.440    





Min Delay Paths
--------------------------------------------------------------------------------------
Slack (MET) :             0.151ns  (arrival time - required time)
  Source:                 u_soc/u_cpu/fetch_buf1_instruction_r_reg[22]/C
                            (rising edge-triggered cell FDCE clocked by gen_pynq_clk_50m.clkout0  {rise@0.000ns fall@10.000ns period=20.000ns})
  Destination:            u_soc/u_cpu/fetch_buf0_instruction_r_reg[22]/D
                            (rising edge-triggered cell FDCE clocked by gen_pynq_clk_50m.clkout0  {rise@0.000ns fall@10.000ns period=20.000ns})
  Path Group:             gen_pynq_clk_50m.clkout0
  Path Type:              Hold (Min at Fast Process Corner)
  Requirement:            0.000ns  (gen_pynq_clk_50m.clkout0 rise@0.000ns - gen_pynq_clk_50m.clkout0 rise@0.000ns)
  Data Path Delay:        0.284ns  (logic 0.186ns (65.445%)  route 0.098ns (34.555%))
  Logic Levels:           1  (LUT6=1)
  Clock Path Skew:        0.013ns (DCD - SCD - CPR)
    Destination Clock Delay (DCD):    -0.807ns
    Source Clock Delay      (SCD):    -0.570ns
    Clock Pessimism Removal (CPR):    -0.250ns

    Location             Delay type                Incr(ns)  Path(ns)    Netlist Resource(s)
  -------------------------------------------------------------------    -------------------
                         (clock gen_pynq_clk_50m.clkout0 rise edge)
                                                      0.000     0.000 r  
    H16                                               0.000     0.000 r  CLK100MHZ (IN)
                         net (fo=0)                   0.000     0.000    CLK100MHZ
    H16                  IBUF (Prop_ibuf_I_O)         0.219     0.219 r  CLK100MHZ_IBUF_inst/O
                         net (fo=1, routed)           0.440     0.659    CLK100MHZ_IBUF
    MMCME2_ADV_X1Y2      MMCME2_ADV (Prop_mmcme2_adv_CLKIN1_CLKOUT0)
                                                     -2.613    -1.954 r  gen_pynq_clk_50m.u_clk_mmcm/CLKOUT0
                         net (fo=1, routed)           0.696    -1.257    gen_pynq_clk_50m.clkout0
    BUFGCTRL_X0Y16       BUFG (Prop_bufg_I_O)         0.026    -1.231 r  gen_pynq_clk_50m.u_cpu_clk_bufg/O
                         net (fo=2335, routed)        0.661    -0.570    u_soc/u_cpu/cpu_clk
    SLICE_X83Y113        FDCE                                         r  u_soc/u_cpu/fetch_buf1_instruction_r_reg[22]/C
  -------------------------------------------------------------------    -------------------
    SLICE_X83Y113        FDCE (Prop_fdce_C_Q)         0.141    -0.429 r  u_soc/u_cpu/fetch_buf1_instruction_r_reg[22]/Q
                         net (fo=2, routed)           0.098    -0.331    u_soc/u_cpu/fetch_buf1_instruction_r[22]
    SLICE_X82Y113        LUT6 (Prop_lut6_I5_O)        0.045    -0.286 r  u_soc/u_cpu/fetch_buf0_instruction_r[22]_i_1/O
                         net (fo=1, routed)           0.000    -0.286    u_soc/u_cpu/fetch_buf0_instruction_r[22]_i_1_n_0
    SLICE_X82Y113        FDCE                                         r  u_soc/u_cpu/fetch_buf0_instruction_r_reg[22]/D
  -------------------------------------------------------------------    -------------------

                         (clock gen_pynq_clk_50m.clkout0 rise edge)
                                                      0.000     0.000 r  
    H16                                               0.000     0.000 r  CLK100MHZ (IN)
                         net (fo=0)                   0.000     0.000    CLK100MHZ
    H16                  IBUF (Prop_ibuf_I_O)         0.406     0.406 r  CLK100MHZ_IBUF_inst/O
                         net (fo=1, routed)           0.480     0.886    CLK100MHZ_IBUF
    MMCME2_ADV_X1Y2      MMCME2_ADV (Prop_mmcme2_adv_CLKIN1_CLKOUT0)
                                                     -3.407    -2.521 r  gen_pynq_clk_50m.u_clk_mmcm/CLKOUT0
                         net (fo=1, routed)           0.752    -1.769    gen_pynq_clk_50m.clkout0
    BUFGCTRL_X0Y16       BUFG (Prop_bufg_I_O)         0.029    -1.740 r  gen_pynq_clk_50m.u_cpu_clk_bufg/O
                         net (fo=2335, routed)        0.933    -0.807    u_soc/u_cpu/cpu_clk
    SLICE_X82Y113        FDCE                                         r  u_soc/u_cpu/fetch_buf0_instruction_r_reg[22]/C
                         clock pessimism              0.250    -0.557    
    SLICE_X82Y113        FDCE (Hold_fdce_C_D)         0.120    -0.437    u_soc/u_cpu/fetch_buf0_instruction_r_reg[22]
  -------------------------------------------------------------------
                         required time                          0.437    
                         arrival time                          -0.286    
  -------------------------------------------------------------------
                         slack                                  0.151    





Pulse Width Checks
--------------------------------------------------------------------------------------
Clock Name:         gen_pynq_clk_50m.clkout0
Waveform(ns):       { 0.000 10.000 }
Period(ns):         20.000
Sources:            { gen_pynq_clk_50m.u_clk_mmcm/CLKOUT0 }

Check Type        Corner  Lib Pin             Reference Pin  Required(ns)  Actual(ns)  Slack(ns)  Location         Pin
Min Period        n/a     RAMB36E1/CLKARDCLK  n/a            2.944         20.000      17.056     RAMB36_X4Y20     u_soc/u_dmem_ram/g_sync_ram.g_posedge_read.ram_mem_reg_0/CLKARDCLK
Max Period        n/a     MMCME2_ADV/CLKOUT0  n/a            213.360       20.000      193.360    MMCME2_ADV_X1Y2  gen_pynq_clk_50m.u_clk_mmcm/CLKOUT0
Low Pulse Width   Slow    FDCE/C              n/a            0.500         10.000      9.500      SLICE_X101Y101   reset_sync_r_reg[0]/C
High Pulse Width  Slow    FDCE/C              n/a            0.500         10.000      9.500      SLICE_X101Y101   reset_sync_r_reg[0]/C



---------------------------------------------------------------------------------------------------
Path Group:  **async_default**
From Clock:  gen_pynq_clk_50m.clkout0
  To Clock:  gen_pynq_clk_50m.clkout0

Setup :            0  Failing Endpoints,  Worst Slack       10.121ns,  Total Violation        0.000ns
Hold  :            0  Failing Endpoints,  Worst Slack        0.961ns,  Total Violation        0.000ns
---------------------------------------------------------------------------------------------------


Max Delay Paths
--------------------------------------------------------------------------------------
Slack (MET) :             10.121ns  (required time - arrival time)
  Source:                 reset_sync_r_reg[6]/C
                            (rising edge-triggered cell FDCE clocked by gen_pynq_clk_50m.clkout0  {rise@0.000ns fall@10.000ns period=20.000ns})
  Destination:            u_soc/timer_value_r_reg[1]/CLR
                            (recovery check against rising-edge clock gen_pynq_clk_50m.clkout0  {rise@0.000ns fall@10.000ns period=20.000ns})
  Path Group:             **async_default**
  Path Type:              Recovery (Max at Slow Process Corner)
  Requirement:            20.000ns  (gen_pynq_clk_50m.clkout0 rise@20.000ns - gen_pynq_clk_50m.clkout0 rise@0.000ns)
  Data Path Delay:        9.021ns  (logic 0.766ns (8.491%)  route 8.255ns (91.509%))
  Logic Levels:           2  (LUT4=1 LUT6=1)
  Clock Path Skew:        -0.417ns (DCD - SCD + CPR)
    Destination Clock Delay (DCD):    -1.622ns = ( 18.378 - 20.000 ) 
    Source Clock Delay      (SCD):    -0.738ns
    Clock Pessimism Removal (CPR):    0.466ns
  Clock Uncertainty:      0.079ns  ((TSJ^2 + DJ^2)^1/2) / 2 + PE
    Total System Jitter     (TSJ):    0.071ns
    Discrete Jitter          (DJ):    0.141ns
    Phase Error              (PE):    0.000ns

    Location             Delay type                Incr(ns)  Path(ns)    Netlist Resource(s)
  -------------------------------------------------------------------    -------------------
                         (clock gen_pynq_clk_50m.clkout0 rise edge)
                                                      0.000     0.000 r  
    H16                                               0.000     0.000 r  CLK100MHZ (IN)
                         net (fo=0)                   0.000     0.000    CLK100MHZ
    H16                  IBUF (Prop_ibuf_I_O)         1.451     1.451 r  CLK100MHZ_IBUF_inst/O
                         net (fo=1, routed)           1.285     2.736    CLK100MHZ_IBUF
    MMCME2_ADV_X1Y2      MMCME2_ADV (Prop_mmcme2_adv_CLKIN1_CLKOUT0)
                                                     -7.759    -5.023 r  gen_pynq_clk_50m.u_clk_mmcm/CLKOUT0
                         net (fo=1, routed)           2.206    -2.817    gen_pynq_clk_50m.clkout0
    BUFGCTRL_X0Y16       BUFG (Prop_bufg_I_O)         0.101    -2.716 r  gen_pynq_clk_50m.u_cpu_clk_bufg/O
                         net (fo=2335, routed)        1.978    -0.738    cpu_clk
    SLICE_X100Y101       FDCE                                         r  reset_sync_r_reg[6]/C
  -------------------------------------------------------------------    -------------------
    SLICE_X100Y101       FDCE (Prop_fdce_C_Q)         0.518    -0.220 r  reset_sync_r_reg[6]/Q
                         net (fo=2, routed)           1.109     0.889    u_soc/u_cpu/u_regfile/Q[6]
    SLICE_X100Y101       LUT4 (Prop_lut4_I3_O)        0.124     1.013 f  u_soc/u_cpu/u_regfile/led_OBUF[0]_inst_i_2/O
                         net (fo=2, routed)           0.510     1.522    u_soc/u_cpu/u_regfile/reset_sync_r_reg[5]
    SLICE_X101Y101       LUT6 (Prop_lut6_I5_O)        0.124     1.646 f  u_soc/u_cpu/u_regfile/regs[1][31]_i_3/O
                         net (fo=2318, routed)        6.637     8.283    u_soc/gen_pynq_clk_50m.u_clk_mmcm
    SLICE_X82Y98         FDCE                                         f  u_soc/timer_value_r_reg[1]/CLR
  -------------------------------------------------------------------    -------------------

                         (clock gen_pynq_clk_50m.clkout0 rise edge)
                                                     20.000    20.000 r  
    H16                                               0.000    20.000 r  CLK100MHZ (IN)
                         net (fo=0)                   0.000    20.000    CLK100MHZ
    H16                  IBUF (Prop_ibuf_I_O)         1.380    21.380 r  CLK100MHZ_IBUF_inst/O
                         net (fo=1, routed)           1.162    22.542    CLK100MHZ_IBUF
    MMCME2_ADV_X1Y2      MMCME2_ADV (Prop_mmcme2_adv_CLKIN1_CLKOUT0)
                                                     -7.814    14.728 r  gen_pynq_clk_50m.u_clk_mmcm/CLKOUT0
                         net (fo=1, routed)           2.012    16.740    gen_pynq_clk_50m.clkout0
    BUFGCTRL_X0Y16       BUFG (Prop_bufg_I_O)         0.091    16.831 r  gen_pynq_clk_50m.u_cpu_clk_bufg/O
                         net (fo=2335, routed)        1.547    18.378    u_soc/cpu_clk
    SLICE_X82Y98         FDCE                                         r  u_soc/timer_value_r_reg[1]/C
                         clock pessimism              0.466    18.844    
                         clock uncertainty           -0.079    18.765    
    SLICE_X82Y98         FDCE (Recov_fdce_C_CLR)     -0.361    18.404    u_soc/timer_value_r_reg[1]
  -------------------------------------------------------------------
                         required time                         18.404    
                         arrival time                          -8.283    
  -------------------------------------------------------------------
                         slack                                 10.121    





Min Delay Paths
--------------------------------------------------------------------------------------
Slack (MET) :             0.961ns  (arrival time - required time)
  Source:                 reset_sync_r_reg[3]/C
                            (rising edge-triggered cell FDCE clocked by gen_pynq_clk_50m.clkout0  {rise@0.000ns fall@10.000ns period=20.000ns})
  Destination:            u_soc/u_cpu/id_ex_branch_predict_pc_r_reg[1]/CLR
                            (removal check against rising-edge clock gen_pynq_clk_50m.clkout0  {rise@0.000ns fall@10.000ns period=20.000ns})
  Path Group:             **async_default**
  Path Type:              Removal (Min at Fast Process Corner)
  Requirement:            0.000ns  (gen_pynq_clk_50m.clkout0 rise@0.000ns - gen_pynq_clk_50m.clkout0 rise@0.000ns)
  Data Path Delay:        0.916ns  (logic 0.186ns (20.308%)  route 0.730ns (79.692%))
  Logic Levels:           1  (LUT6=1)
  Clock Path Skew:        0.022ns (DCD - SCD - CPR)
    Destination Clock Delay (DCD):    -0.789ns
    Source Clock Delay      (SCD):    -0.540ns
    Clock Pessimism Removal (CPR):    -0.271ns

    Location             Delay type                Incr(ns)  Path(ns)    Netlist Resource(s)
  -------------------------------------------------------------------    -------------------
                         (clock gen_pynq_clk_50m.clkout0 rise edge)
                                                      0.000     0.000 r  
    H16                                               0.000     0.000 r  CLK100MHZ (IN)
                         net (fo=0)                   0.000     0.000    CLK100MHZ
    H16                  IBUF (Prop_ibuf_I_O)         0.219     0.219 r  CLK100MHZ_IBUF_inst/O
                         net (fo=1, routed)           0.440     0.659    CLK100MHZ_IBUF
    MMCME2_ADV_X1Y2      MMCME2_ADV (Prop_mmcme2_adv_CLKIN1_CLKOUT0)
                                                     -2.613    -1.954 r  gen_pynq_clk_50m.u_clk_mmcm/CLKOUT0
                         net (fo=1, routed)           0.696    -1.257    gen_pynq_clk_50m.clkout0
    BUFGCTRL_X0Y16       BUFG (Prop_bufg_I_O)         0.026    -1.231 r  gen_pynq_clk_50m.u_cpu_clk_bufg/O
                         net (fo=2335, routed)        0.691    -0.540    cpu_clk
    SLICE_X101Y101       FDCE                                         r  reset_sync_r_reg[3]/C
  -------------------------------------------------------------------    -------------------
    SLICE_X101Y101       FDCE (Prop_fdce_C_Q)         0.141    -0.399 r  reset_sync_r_reg[3]/Q
                         net (fo=3, routed)           0.190    -0.209    u_soc/u_cpu/u_regfile/Q[3]
    SLICE_X101Y101       LUT6 (Prop_lut6_I2_O)        0.045    -0.164 f  u_soc/u_cpu/u_regfile/regs[1][31]_i_3/O
                         net (fo=2318, routed)        0.540     0.376    u_soc/u_cpu/gen_pynq_clk_50m.u_clk_mmcm
    SLICE_X102Y122       FDCE                                         f  u_soc/u_cpu/id_ex_branch_predict_pc_r_reg[1]/CLR
  -------------------------------------------------------------------    -------------------

                         (clock gen_pynq_clk_50m.clkout0 rise edge)
                                                      0.000     0.000 r  
    H16                                               0.000     0.000 r  CLK100MHZ (IN)
                         net (fo=0)                   0.000     0.000    CLK100MHZ
    H16                  IBUF (Prop_ibuf_I_O)         0.406     0.406 r  CLK100MHZ_IBUF_inst/O
                         net (fo=1, routed)           0.480     0.886    CLK100MHZ_IBUF
    MMCME2_ADV_X1Y2      MMCME2_ADV (Prop_mmcme2_adv_CLKIN1_CLKOUT0)
                                                     -3.407    -2.521 r  gen_pynq_clk_50m.u_clk_mmcm/CLKOUT0
                         net (fo=1, routed)           0.752    -1.769    gen_pynq_clk_50m.clkout0
    BUFGCTRL_X0Y16       BUFG (Prop_bufg_I_O)         0.029    -1.740 r  gen_pynq_clk_50m.u_cpu_clk_bufg/O
                         net (fo=2335, routed)        0.951    -0.789    u_soc/u_cpu/cpu_clk
    SLICE_X102Y122       FDCE                                         r  u_soc/u_cpu/id_ex_branch_predict_pc_r_reg[1]/C
                         clock pessimism              0.271    -0.518    
    SLICE_X102Y122       FDCE (Remov_fdce_C_CLR)     -0.067    -0.585    u_soc/u_cpu/id_ex_branch_predict_pc_r_reg[1]
  -------------------------------------------------------------------
                         required time                          0.585    
                         arrival time                           0.376    
  -------------------------------------------------------------------
                         slack                                  0.961    





