Copyright 1986-2022 Xilinx, Inc. All Rights Reserved. Copyright 2022-2025 Advanced Micro Devices, Inc. All Rights Reserved.
---------------------------------------------------------------------------------------------------------------------------------------------
| Tool Version : Vivado v.2025.2 (win64) Build 6299465 Fri Nov 14 19:35:11 GMT 2025
| Date         : Sat Jun  6 00:32:27 2026
| Host         : Toylog_desktop running 64-bit major release  (build 9200)
| Command      : report_timing_summary -file V:/project/reports/pynq_z2_sysclk_8p000ns_cpu25/impl_timing_summary.rpt
| Design       : YH_rv_cpu_fpga_top
| Device       : 7z020-clg400
| Speed File   : -1  PRODUCTION 1.12 2019-11-22
| Design State : Physopt postRoute
---------------------------------------------------------------------------------------------------------------------------------------------

Timing Summary Report

------------------------------------------------------------------------------------------------
| Timer Settings
| --------------
------------------------------------------------------------------------------------------------

  Enable Multi Corner Analysis               :  Yes
  Enable Pessimism Removal                   :  Yes
  Pessimism Removal Resolution               :  Nearest Common Node
  Enable Input Delay Default Clock           :  No
  Enable Preset / Clear Arcs                 :  No
  Disable Flight Delays                      :  No
  Ignore I/O Paths                           :  No
  Timing Early Launch at Borrowing Latches   :  No
  Borrow Time for Max Delay Exceptions       :  Yes
  Merge Timing Exceptions                    :  Yes
  Inter-SLR Compensation                     :  Conservative

  Corner  Analyze    Analyze    
  Name    Max Paths  Min Paths  
  ------  ---------  ---------  
  Slow    Yes        Yes        
  Fast    Yes        Yes        


------------------------------------------------------------------------------------------------
| Report Methodology
| ------------------
------------------------------------------------------------------------------------------------

No report available as report_methodology has not been run prior. Run report_methodology on the current design for the summary of methodology violations.



check_timing report

Table of Contents
-----------------
1. checking no_clock (0)
2. checking constant_clock (0)
3. checking pulse_width_clock (0)
4. checking unconstrained_internal_endpoints (0)
5. checking no_input_delay (1)
6. checking no_output_delay (4)
7. checking multiple_clock (0)
8. checking generated_clocks (0)
9. checking loops (0)
10. checking partial_input_delay (0)
11. checking partial_output_delay (0)
12. checking latch_loops (0)

1. checking no_clock (0)
------------------------
 There are 0 register/latch pins with no clock.


2. checking constant_clock (0)
------------------------------
 There are 0 register/latch pins with constant_clock.


3. checking pulse_width_clock (0)
---------------------------------
 There are 0 register/latch pins which need pulse_width check


4. checking unconstrained_internal_endpoints (0)
------------------------------------------------
 There are 0 pins that are not constrained for maximum delay.

 There are 0 pins that are not constrained for maximum delay due to constant clock.


5. checking no_input_delay (1)
------------------------------
 There is 1 input port with no input delay specified. (HIGH)

 There are 0 input ports with no input delay but user has a false path constraint.


6. checking no_output_delay (4)
-------------------------------
 There are 4 ports with no output delay specified. (HIGH)

 There are 0 ports with no output delay but user has a false path constraint

 There are 0 ports with no output delay but with a timing clock defined on it or propagating through it


7. checking multiple_clock (0)
------------------------------
 There are 0 register/latch pins with multiple clocks.


8. checking generated_clocks (0)
--------------------------------
 There are 0 generated clocks that are not connected to a clock source.


9. checking loops (0)
---------------------
 There are 0 combinational loops in the design.


10. checking partial_input_delay (0)
------------------------------------
 There are 0 input ports with partial input delay specified.


11. checking partial_output_delay (0)
-------------------------------------
 There are 0 ports with partial output delay specified.


12. checking latch_loops (0)
----------------------------
 There are 0 combinational latch loops in the design through latch input



------------------------------------------------------------------------------------------------
| Design Timing Summary
| ---------------------
------------------------------------------------------------------------------------------------

    WNS(ns)      TNS(ns)  TNS Failing Endpoints  TNS Total Endpoints      WHS(ns)      THS(ns)  THS Failing Endpoints  THS Total Endpoints     WPWS(ns)     TPWS(ns)  TPWS Failing Endpoints  TPWS Total Endpoints  
    -------      -------  ---------------------  -------------------      -------      -------  ---------------------  -------------------     --------     --------  ----------------------  --------------------  
      0.282        0.000                      0                14505        0.062        0.000                      0                14505        2.000        0.000                       0                  3956  


All user specified timing constraints are met.


------------------------------------------------------------------------------------------------
| Clock Summary
| -------------
------------------------------------------------------------------------------------------------

Clock                       Waveform(ns)         Period(ns)      Frequency(MHz)
-----                       ------------         ----------      --------------
pynq_sys_clk                {0.000 4.000}        8.000           125.000         
  gen_pynq_clk_25m.clkfb    {0.000 4.000}        8.000           125.000         
  gen_pynq_clk_25m.clkout0  {0.000 20.000}       40.000          25.000          


------------------------------------------------------------------------------------------------
| Intra Clock Table
| -----------------
------------------------------------------------------------------------------------------------

Clock                           WNS(ns)      TNS(ns)  TNS Failing Endpoints  TNS Total Endpoints      WHS(ns)      THS(ns)  THS Failing Endpoints  THS Total Endpoints     WPWS(ns)     TPWS(ns)  TPWS Failing Endpoints  TPWS Total Endpoints  
-----                           -------      -------  ---------------------  -------------------      -------      -------  ---------------------  -------------------     --------     --------  ----------------------  --------------------  
pynq_sys_clk                                                                                                                                                                  2.000        0.000                       0                     1  
  gen_pynq_clk_25m.clkfb                                                                                                                                                      5.845        0.000                       0                     3  
  gen_pynq_clk_25m.clkout0        0.282        0.000                      0                11973        0.062        0.000                      0                11973       18.750        0.000                       0                  3952  


------------------------------------------------------------------------------------------------
| Inter Clock Table
| -----------------
------------------------------------------------------------------------------------------------

From Clock    To Clock          WNS(ns)      TNS(ns)  TNS Failing Endpoints  TNS Total Endpoints      WHS(ns)      THS(ns)  THS Failing Endpoints  THS Total Endpoints  
----------    --------          -------      -------  ---------------------  -------------------      -------      -------  ---------------------  -------------------  


------------------------------------------------------------------------------------------------
| Other Path Groups Table
| -----------------------
------------------------------------------------------------------------------------------------

Path Group                From Clock                To Clock                      WNS(ns)      TNS(ns)  TNS Failing Endpoints  TNS Total Endpoints      WHS(ns)      THS(ns)  THS Failing Endpoints  THS Total Endpoints  
----------                ----------                --------                      -------      -------  ---------------------  -------------------      -------      -------  ---------------------  -------------------  
**async_default**         gen_pynq_clk_25m.clkout0  gen_pynq_clk_25m.clkout0       26.104        0.000                      0                 2532        0.682        0.000                      0                 2532  


------------------------------------------------------------------------------------------------
| Timing Details
| --------------
------------------------------------------------------------------------------------------------


---------------------------------------------------------------------------------------------------
From Clock:  pynq_sys_clk
  To Clock:  pynq_sys_clk

Setup :           NA  Failing Endpoints,  Worst Slack           NA  ,  Total Violation           NA
Hold  :           NA  Failing Endpoints,  Worst Slack           NA  ,  Total Violation           NA
PW    :            0  Failing Endpoints,  Worst Slack        2.000ns,  Total Violation        0.000ns
---------------------------------------------------------------------------------------------------


Pulse Width Checks
--------------------------------------------------------------------------------------
Clock Name:         pynq_sys_clk
Waveform(ns):       { 0.000 4.000 }
Period(ns):         8.000
Sources:            { CLK100MHZ }

Check Type        Corner  Lib Pin            Reference Pin  Required(ns)  Actual(ns)  Slack(ns)  Location         Pin
Min Period        n/a     MMCME2_ADV/CLKIN1  n/a            1.249         8.000       6.751      MMCME2_ADV_X1Y2  gen_pynq_clk_25m.u_clk_mmcm/CLKIN1
Max Period        n/a     MMCME2_ADV/CLKIN1  n/a            100.000       8.000       92.000     MMCME2_ADV_X1Y2  gen_pynq_clk_25m.u_clk_mmcm/CLKIN1
Low Pulse Width   Slow    MMCME2_ADV/CLKIN1  n/a            2.000         4.000       2.000      MMCME2_ADV_X1Y2  gen_pynq_clk_25m.u_clk_mmcm/CLKIN1
High Pulse Width  Slow    MMCME2_ADV/CLKIN1  n/a            2.000         4.000       2.000      MMCME2_ADV_X1Y2  gen_pynq_clk_25m.u_clk_mmcm/CLKIN1



---------------------------------------------------------------------------------------------------
From Clock:  gen_pynq_clk_25m.clkfb
  To Clock:  gen_pynq_clk_25m.clkfb

Setup :           NA  Failing Endpoints,  Worst Slack           NA  ,  Total Violation           NA
Hold  :           NA  Failing Endpoints,  Worst Slack           NA  ,  Total Violation           NA
PW    :            0  Failing Endpoints,  Worst Slack        5.845ns,  Total Violation        0.000ns
---------------------------------------------------------------------------------------------------


Pulse Width Checks
--------------------------------------------------------------------------------------
Clock Name:         gen_pynq_clk_25m.clkfb
Waveform(ns):       { 0.000 4.000 }
Period(ns):         8.000
Sources:            { gen_pynq_clk_25m.u_clk_mmcm/CLKFBOUT }

Check Type  Corner  Lib Pin             Reference Pin  Required(ns)  Actual(ns)  Slack(ns)  Location         Pin
Min Period  n/a     BUFG/I              n/a            2.155         8.000       5.845      BUFGCTRL_X0Y17   gen_pynq_clk_25m.u_clkfb_bufg/I
Max Period  n/a     MMCME2_ADV/CLKFBIN  n/a            100.000       8.000       92.000     MMCME2_ADV_X1Y2  gen_pynq_clk_25m.u_clk_mmcm/CLKFBIN



---------------------------------------------------------------------------------------------------
From Clock:  gen_pynq_clk_25m.clkout0
  To Clock:  gen_pynq_clk_25m.clkout0

Setup :            0  Failing Endpoints,  Worst Slack        0.282ns,  Total Violation        0.000ns
Hold  :            0  Failing Endpoints,  Worst Slack        0.062ns,  Total Violation        0.000ns
PW    :            0  Failing Endpoints,  Worst Slack       18.750ns,  Total Violation        0.000ns
---------------------------------------------------------------------------------------------------


Max Delay Paths
--------------------------------------------------------------------------------------
Slack (MET) :             0.282ns  (required time - arrival time)
  Source:                 u_soc/u_cpu/ex_mem_mem_addr_r_reg[3]/C
                            (rising edge-triggered cell FDCE clocked by gen_pynq_clk_25m.clkout0  {rise@0.000ns fall@20.000ns period=40.000ns})
  Destination:            u_soc/u_cpu/pc_r_reg[31]/D
                            (rising edge-triggered cell FDCE clocked by gen_pynq_clk_25m.clkout0  {rise@0.000ns fall@20.000ns period=40.000ns})
  Path Group:             gen_pynq_clk_25m.clkout0
  Path Type:              Setup (Max at Slow Process Corner)
  Requirement:            40.000ns  (gen_pynq_clk_25m.clkout0 rise@40.000ns - gen_pynq_clk_25m.clkout0 rise@0.000ns)
  Data Path Delay:        39.571ns  (logic 10.019ns (25.319%)  route 29.552ns (74.681%))
  Logic Levels:           53  (CARRY4=11 LUT2=3 LUT3=2 LUT4=4 LUT5=7 LUT6=20 MUXF7=3 MUXF8=2 RAMD64E=1)
  Clock Path Skew:        -0.089ns (DCD - SCD + CPR)
    Destination Clock Delay (DCD):    -1.632ns = ( 38.368 - 40.000 ) 
    Source Clock Delay      (SCD):    -1.076ns
    Clock Pessimism Removal (CPR):    0.466ns
  Clock Uncertainty:      0.088ns  ((TSJ^2 + DJ^2)^1/2) / 2 + PE
    Total System Jitter     (TSJ):    0.071ns
    Discrete Jitter          (DJ):    0.161ns
    Phase Error              (PE):    0.000ns

    Location             Delay type                Incr(ns)  Path(ns)    Netlist Resource(s)
  -------------------------------------------------------------------    -------------------
                         (clock gen_pynq_clk_25m.clkout0 rise edge)
                                                      0.000     0.000 r  
    H16                                               0.000     0.000 r  CLK100MHZ (IN)
                         net (fo=0)                   0.000     0.000    CLK100MHZ
    H16                  IBUF (Prop_ibuf_I_O)         1.451     1.451 r  CLK100MHZ_IBUF_inst/O
                         net (fo=1, routed)           1.285     2.736    CLK100MHZ_IBUF
    MMCME2_ADV_X1Y2      MMCME2_ADV (Prop_mmcme2_adv_CLKIN1_CLKOUT0)
                                                     -7.759    -5.023 r  gen_pynq_clk_25m.u_clk_mmcm/CLKOUT0
                         net (fo=1, routed)           2.206    -2.817    gen_pynq_clk_25m.clkout0
    BUFGCTRL_X0Y16       BUFG (Prop_bufg_I_O)         0.101    -2.716 r  gen_pynq_clk_25m.u_cpu_clk_bufg/O
                         net (fo=3950, routed)        1.640    -1.076    u_soc/u_cpu/cpu_clk
    SLICE_X44Y81         FDCE                                         r  u_soc/u_cpu/ex_mem_mem_addr_r_reg[3]/C
  -------------------------------------------------------------------    -------------------
    SLICE_X44Y81         FDCE (Prop_fdce_C_Q)         0.456    -0.620 r  u_soc/u_cpu/ex_mem_mem_addr_r_reg[3]/Q
                         net (fo=64, routed)          1.628     1.007    u_soc/u_cpu/gen_dcache.u_dcache/Q[3]
    SLICE_X35Y91         LUT6 (Prop_lut6_I2_O)        0.124     1.131 r  u_soc/u_cpu/gen_dcache.u_dcache/miss_unsigned_r_i_327/O
                         net (fo=1, routed)           0.000     1.131    u_soc/u_cpu/gen_dcache.u_dcache/miss_unsigned_r_i_327_n_0
    SLICE_X35Y91         MUXF7 (Prop_muxf7_I0_O)      0.238     1.369 r  u_soc/u_cpu/gen_dcache.u_dcache/miss_unsigned_r_reg_i_241/O
                         net (fo=1, routed)           0.000     1.369    u_soc/u_cpu/gen_dcache.u_dcache/miss_unsigned_r_reg_i_241_n_0
    SLICE_X35Y91         MUXF8 (Prop_muxf8_I0_O)      0.104     1.473 r  u_soc/u_cpu/gen_dcache.u_dcache/miss_unsigned_r_reg_i_118/O
                         net (fo=1, routed)           1.166     2.639    u_soc/u_cpu/gen_dcache.u_dcache/miss_unsigned_r_reg_i_118_n_0
    SLICE_X48Y82         LUT6 (Prop_lut6_I5_O)        0.316     2.955 r  u_soc/u_cpu/gen_dcache.u_dcache/miss_unsigned_r_i_45/O
                         net (fo=1, routed)           0.000     2.955    u_soc/u_cpu/gen_dcache.u_dcache/miss_unsigned_r_i_45_n_0
    SLICE_X48Y82         MUXF7 (Prop_muxf7_I0_O)      0.212     3.167 r  u_soc/u_cpu/gen_dcache.u_dcache/miss_unsigned_r_reg_i_16/O
                         net (fo=1, routed)           0.578     3.745    u_soc/u_cpu/gen_dcache.u_dcache/miss_unsigned_r_reg_i_16_n_0
    SLICE_X48Y83         LUT5 (Prop_lut5_I3_O)        0.299     4.044 f  u_soc/u_cpu/gen_dcache.u_dcache/miss_unsigned_r_i_6/O
                         net (fo=3, routed)           0.596     4.640    u_soc/u_cpu/gen_dcache.u_dcache/miss_unsigned_r_i_6_n_0
    SLICE_X49Y83         LUT6 (Prop_lut6_I5_O)        0.124     4.764 r  u_soc/u_cpu/gen_dcache.u_dcache/mem_wb_load_data_r[31]_i_4/O
                         net (fo=33, routed)          0.778     5.542    u_soc/u_cpu/gen_dcache.u_dcache/mem_wb_load_data_r[31]_i_4_n_0
    SLICE_X57Y84         LUT6 (Prop_lut6_I4_O)        0.124     5.666 r  u_soc/u_cpu/gen_dcache.u_dcache/x_result_th_mula0_i_106/O
                         net (fo=40, routed)          0.859     6.525    u_soc/u_cpu/gen_dcache.u_dcache/ex_mem_load_forward_ready_fold
    SLICE_X61Y85         LUT3 (Prop_lut3_I1_O)        0.124     6.649 r  u_soc/u_cpu/gen_dcache.u_dcache/x_result_th_mula0_i_108/O
                         net (fo=1, routed)           0.294     6.943    u_soc/u_cpu/gen_dcache.u_dcache/x_result_th_mula0_i_108_n_0
    SLICE_X62Y85         LUT5 (Prop_lut5_I1_O)        0.124     7.067 r  u_soc/u_cpu/gen_dcache.u_dcache/x_result_th_mula0_i_84/O
                         net (fo=29, routed)          0.728     7.795    u_soc/u_cpu/gen_dcache.u_dcache/x_result_th_mula0_i_84_n_0
    SLICE_X57Y82         LUT6 (Prop_lut6_I1_O)        0.124     7.919 r  u_soc/u_cpu/gen_dcache.u_dcache/x_result_th_mula0_i_61/O
                         net (fo=7, routed)           0.654     8.573    u_soc/u_cpu/gen_dcache.u_dcache/x_result_th_mula0_i_61_n_0
    SLICE_X56Y82         LUT6 (Prop_lut6_I1_O)        0.124     8.697 r  u_soc/u_cpu/gen_dcache.u_dcache/ex_mem_mem_addr_r[3]_i_18/O
                         net (fo=1, routed)           0.652     9.349    u_soc/u_cpu/gen_dcache.u_dcache/ex_mem_mem_addr_r[3]_i_18_n_0
    SLICE_X53Y81         LUT6 (Prop_lut6_I0_O)        0.124     9.473 r  u_soc/u_cpu/gen_dcache.u_dcache/ex_mem_mem_addr_r[3]_i_14/O
                         net (fo=1, routed)           0.646    10.120    u_soc/u_cpu/gen_dcache.u_dcache/u_ex_stage/p_0_in[3]
    SLICE_X44Y81         LUT6 (Prop_lut6_I0_O)        0.124    10.244 r  u_soc/u_cpu/gen_dcache.u_dcache/ex_mem_mem_addr_r[3]_i_6/O
                         net (fo=1, routed)           0.000    10.244    u_soc/u_cpu/gen_dcache.u_dcache/ex_mem_mem_addr_r[3]_i_6_n_0
    SLICE_X44Y81         CARRY4 (Prop_carry4_S[3]_CO[3])
                                                      0.401    10.645 r  u_soc/u_cpu/gen_dcache.u_dcache/ex_mem_mem_addr_r_reg[3]_i_1/CO[3]
                         net (fo=1, routed)           0.000    10.645    u_soc/u_cpu/gen_dcache.u_dcache/ex_mem_mem_addr_r_reg[3]_i_1_n_0
    SLICE_X44Y82         CARRY4 (Prop_carry4_CI_O[0])
                                                      0.235    10.880 r  u_soc/u_cpu/gen_dcache.u_dcache/ex_mem_mem_addr_r_reg[7]_i_1/O[0]
                         net (fo=95, routed)          1.316    12.196    u_soc/u_cpu/gen_dcache.u_dcache/id_ex_rs1_value_r_reg[30][4]
    SLICE_X33Y92         MUXF7 (Prop_muxf7_S_O)       0.471    12.667 r  u_soc/u_cpu/gen_dcache.u_dcache/id_ex_flush_valid_local_inst_i_262/O
                         net (fo=1, routed)           0.000    12.667    u_soc/u_cpu/gen_dcache.u_dcache/id_ex_flush_valid_local_inst_i_262_n_0
    SLICE_X33Y92         MUXF8 (Prop_muxf8_I0_O)      0.104    12.771 r  u_soc/u_cpu/gen_dcache.u_dcache/id_ex_flush_valid_local_inst_i_143/O
                         net (fo=1, routed)           1.198    13.969    u_soc/u_cpu/gen_dcache.u_dcache/id_ex_flush_valid_local_inst_i_143_n_0
    SLICE_X43Y83         LUT6 (Prop_lut6_I5_O)        0.316    14.285 r  u_soc/u_cpu/gen_dcache.u_dcache/id_ex_flush_valid_local_inst_i_75/O
                         net (fo=1, routed)           0.707    14.992    u_soc/u_cpu/gen_dcache.u_dcache/id_ex_flush_valid_local_inst_i_75_n_0
    SLICE_X49Y83         LUT4 (Prop_lut4_I1_O)        0.124    15.116 f  u_soc/u_cpu/gen_dcache.u_dcache/id_ex_flush_valid_local_inst_i_49__0/O
                         net (fo=1, routed)           0.780    15.897    u_soc/u_cpu/gen_dcache.u_dcache/id_ex_flush_valid_local_inst_i_49__0_n_0
    SLICE_X51Y85         LUT6 (Prop_lut6_I5_O)        0.124    16.021 f  u_soc/u_cpu/gen_dcache.u_dcache/id_ex_flush_valid_local_inst_i_40__0/O
                         net (fo=1, routed)           0.418    16.439    u_soc/u_cpu/gen_dcache.u_dcache/id_ex_flush_valid_local_inst_i_40__0_n_0
    SLICE_X52Y85         LUT5 (Prop_lut5_I4_O)        0.124    16.563 r  u_soc/u_cpu/gen_dcache.u_dcache/id_ex_flush_valid_local_inst_i_36__0/O
                         net (fo=1, routed)           0.454    17.017    u_soc/u_cpu/gen_dcache.u_dcache/id_ex_flush_valid_local_inst_i_36__0_n_0
    SLICE_X53Y86         LUT4 (Prop_lut4_I2_O)        0.124    17.141 f  u_soc/u_cpu/gen_dcache.u_dcache/id_ex_flush_valid_local_inst_i_28__0/O
                         net (fo=3, routed)           0.570    17.711    u_soc/u_cpu/gen_dcache.u_dcache/id_ex_flush_valid_local_inst_i_28__0_n_0
    SLICE_X56Y87         LUT4 (Prop_lut4_I1_O)        0.124    17.835 r  u_soc/u_cpu/gen_dcache.u_dcache/id_ex_flush_valid_local_inst_i_17/O
                         net (fo=2, routed)           0.548    18.383    u_soc/u_cpu/gen_dcache.u_dcache/id_ex_flush_valid_local_inst_i_17_n_0
    SLICE_X56Y87         LUT6 (Prop_lut6_I4_O)        0.124    18.507 r  u_soc/u_cpu/gen_dcache.u_dcache/id_ex_flush_valid_local_inst_i_5/O
                         net (fo=4, routed)           0.447    18.954    u_soc/u_cpu/gen_dcache.u_dcache/id_ex_flush_valid_local_inst_i_5_n_0
    SLICE_X56Y88         LUT6 (Prop_lut6_I3_O)        0.124    19.078 f  u_soc/u_cpu/gen_dcache.u_dcache/redirect_cache_pc_r_reg_r4_0_63_0_2_i_12/O
                         net (fo=4, routed)           0.794    19.872    u_soc/u_cpu/gen_dcache.u_dcache/redirect_cache_pc_r_reg_r4_0_63_0_2_i_12_n_0
    SLICE_X53Y88         LUT6 (Prop_lut6_I4_O)        0.124    19.996 r  u_soc/u_cpu/gen_dcache.u_dcache/redirect_cache_pc_r_reg_r4_0_63_0_2_i_7/O
                         net (fo=6, routed)           0.690    20.686    u_soc/u_cpu/gen_dcache.u_dcache/redirect_cache_pc_r_reg_r4_0_63_0_2_i_7_n_0
    SLICE_X56Y88         LUT5 (Prop_lut5_I0_O)        0.124    20.810 r  u_soc/u_cpu/gen_dcache.u_dcache/id_ex_flush_valid_local_inst_i_2/O
                         net (fo=81, routed)          0.842    21.652    u_soc/u_cpu/gen_dcache.u_dcache/fetch_control_redirect_valid
    SLICE_X55Y86         LUT3 (Prop_lut3_I2_O)        0.150    21.802 r  u_soc/u_cpu/gen_dcache.u_dcache/redirect_cache_pc_r_reg_r4_0_63_0_2_i_4/O
                         net (fo=95, routed)          1.532    23.333    u_soc/u_cpu/redirect_cache_pc_r_reg_r4_0_63_12_14/ADDRA2
    SLICE_X50Y82         RAMD64E (Prop_ramd64e_RADR2_O)
                                                      0.332    23.665 r  u_soc/u_cpu/redirect_cache_pc_r_reg_r4_0_63_12_14/RAMA/O
                         net (fo=1, routed)           0.647    24.312    u_soc/u_cpu/gen_dcache.u_dcache/if_id_pc_r[31]_i_97_2
    SLICE_X53Y81         LUT4 (Prop_lut4_I1_O)        0.124    24.436 f  u_soc/u_cpu/gen_dcache.u_dcache/if_id_pc_r[31]_i_187/O
                         net (fo=1, routed)           0.656    25.092    u_soc/u_cpu/gen_dcache.u_dcache/if_id_pc_r[31]_i_187_n_0
    SLICE_X52Y81         LUT6 (Prop_lut6_I4_O)        0.124    25.216 r  u_soc/u_cpu/gen_dcache.u_dcache/if_id_pc_r[31]_i_97/O
                         net (fo=1, routed)           0.000    25.216    u_soc/u_cpu/gen_dcache.u_dcache/if_id_pc_r[31]_i_97_n_0
    SLICE_X52Y81         CARRY4 (Prop_carry4_S[0]_CO[3])
                                                      0.532    25.748 r  u_soc/u_cpu/gen_dcache.u_dcache/if_id_pc_r_reg[31]_i_47/CO[3]
                         net (fo=2, routed)           0.821    26.569    u_soc/u_cpu/gen_dcache.u_dcache/regular_cache_hit0
    SLICE_X52Y86         LUT2 (Prop_lut2_I1_O)        0.124    26.693 f  u_soc/u_cpu/gen_dcache.u_dcache/fetch_valid_r_i_4/O
                         net (fo=1, routed)           0.571    27.264    u_soc/u_cpu/gen_dcache.u_dcache/fetch_valid_r_i_4_n_0
    SLICE_X51Y90         LUT6 (Prop_lut6_I2_O)        0.124    27.388 r  u_soc/u_cpu/gen_dcache.u_dcache/fetch_valid_r_i_2/O
                         net (fo=95, routed)          0.805    28.193    u_soc/u_cpu/gen_dcache.u_dcache/fetch_buf0_valid_r_reg
    SLICE_X51Y98         LUT5 (Prop_lut5_I1_O)        0.124    28.317 f  u_soc/u_cpu/gen_dcache.u_dcache/id_ex_alu_src1_pc_r_i_2/O
                         net (fo=27, routed)          0.951    29.268    u_soc/u_cpu/u_fold_target_id_stage/u_decoder/fold_decode_instruction[3]
    SLICE_X48Y100        LUT6 (Prop_lut6_I0_O)        0.124    29.392 f  u_soc/u_cpu/u_fold_target_id_stage/u_decoder/i_/id_ex_is_lui_r_i_5/O
                         net (fo=7, routed)           1.005    30.396    u_soc/u_cpu/u_fold_target_id_stage/u_decoder/i_/id_ex_is_lui_r_i_5_n_0
    SLICE_X52Y101        LUT2 (Prop_lut2_I0_O)        0.150    30.546 f  u_soc/u_cpu/u_fold_target_id_stage/u_decoder/i_/if_id_pc_r[31]_i_157/O
                         net (fo=4, routed)           0.644    31.191    u_soc/u_cpu/u_fold_target_id_stage/u_decoder/i_/if_id_pc_r[31]_i_157_n_0
    SLICE_X52Y100        LUT6 (Prop_lut6_I1_O)        0.332    31.523 f  u_soc/u_cpu/u_fold_target_id_stage/u_decoder/i_/if_id_pc_r[31]_i_88/O
                         net (fo=1, routed)           1.002    32.525    u_soc/u_cpu/u_fold_target_id_stage/u_decoder/i_/if_id_pc_r[31]_i_88_n_0
    SLICE_X52Y100        LUT6 (Prop_lut6_I5_O)        0.124    32.649 f  u_soc/u_cpu/u_fold_target_id_stage/u_decoder/i_/if_id_pc_r[31]_i_38/O
                         net (fo=3, routed)           0.808    33.457    u_soc/u_cpu/gen_dcache.u_dcache/id_ex_pc_r[0]_i_2_0
    SLICE_X53Y99         LUT6 (Prop_lut6_I2_O)        0.124    33.581 f  u_soc/u_cpu/gen_dcache.u_dcache/if_id_pc_r[31]_i_21/O
                         net (fo=8, routed)           0.908    34.489    u_soc/u_cpu/gen_dcache.u_dcache/if_id_pc_r[31]_i_21_n_0
    SLICE_X54Y96         LUT6 (Prop_lut6_I1_O)        0.124    34.613 r  u_soc/u_cpu/gen_dcache.u_dcache/if_id_pc_r[31]_i_6/O
                         net (fo=43, routed)          0.893    35.506    u_soc/u_cpu/gen_dcache.u_dcache/fold_next_cache_deliver
    SLICE_X61Y91         LUT2 (Prop_lut2_I1_O)        0.124    35.630 r  u_soc/u_cpu/gen_dcache.u_dcache/pc_r[4]_i_12/O
                         net (fo=1, routed)           0.000    35.630    u_soc/u_cpu/gen_dcache.u_dcache/pc_r[4]_i_12_n_0
    SLICE_X61Y91         CARRY4 (Prop_carry4_S[1]_CO[3])
                                                      0.550    36.180 r  u_soc/u_cpu/gen_dcache.u_dcache/pc_r_reg[4]_i_7/CO[3]
                         net (fo=1, routed)           0.000    36.180    u_soc/u_cpu/gen_dcache.u_dcache/pc_r_reg[4]_i_7_n_0
    SLICE_X61Y92         CARRY4 (Prop_carry4_CI_CO[3])
                                                      0.114    36.294 r  u_soc/u_cpu/gen_dcache.u_dcache/pc_r_reg[8]_i_5/CO[3]
                         net (fo=1, routed)           0.000    36.294    u_soc/u_cpu/gen_dcache.u_dcache/pc_r_reg[8]_i_5_n_0
    SLICE_X61Y93         CARRY4 (Prop_carry4_CI_CO[3])
                                                      0.114    36.408 r  u_soc/u_cpu/gen_dcache.u_dcache/pc_r_reg[12]_i_5/CO[3]
                         net (fo=1, routed)           0.000    36.408    u_soc/u_cpu/gen_dcache.u_dcache/pc_r_reg[12]_i_5_n_0
    SLICE_X61Y94         CARRY4 (Prop_carry4_CI_CO[3])
                                                      0.114    36.522 r  u_soc/u_cpu/gen_dcache.u_dcache/pc_r_reg[16]_i_5/CO[3]
                         net (fo=1, routed)           0.000    36.522    u_soc/u_cpu/gen_dcache.u_dcache/pc_r_reg[16]_i_5_n_0
    SLICE_X61Y95         CARRY4 (Prop_carry4_CI_CO[3])
                                                      0.114    36.636 r  u_soc/u_cpu/gen_dcache.u_dcache/pc_r_reg[20]_i_5/CO[3]
                         net (fo=1, routed)           0.000    36.636    u_soc/u_cpu/gen_dcache.u_dcache/pc_r_reg[20]_i_5_n_0
    SLICE_X61Y96         CARRY4 (Prop_carry4_CI_CO[3])
                                                      0.114    36.750 r  u_soc/u_cpu/gen_dcache.u_dcache/pc_r_reg[24]_i_5/CO[3]
                         net (fo=1, routed)           0.000    36.750    u_soc/u_cpu/gen_dcache.u_dcache/pc_r_reg[24]_i_5_n_0
    SLICE_X61Y97         CARRY4 (Prop_carry4_CI_CO[3])
                                                      0.114    36.864 r  u_soc/u_cpu/gen_dcache.u_dcache/pc_r_reg[28]_i_5/CO[3]
                         net (fo=1, routed)           0.000    36.864    u_soc/u_cpu/gen_dcache.u_dcache/pc_r_reg[28]_i_5_n_0
    SLICE_X61Y98         CARRY4 (Prop_carry4_CI_O[2])
                                                      0.239    37.103 r  u_soc/u_cpu/gen_dcache.u_dcache/pc_r_reg[31]_i_7/O[2]
                         net (fo=1, routed)           0.559    37.662    u_soc/u_cpu/gen_dcache.u_dcache/pc_r_reg[31]_i_7_n_5
    SLICE_X59Y95         LUT5 (Prop_lut5_I4_O)        0.302    37.964 r  u_soc/u_cpu/gen_dcache.u_dcache/pc_r[31]_i_5/O
                         net (fo=1, routed)           0.407    38.371    u_soc/u_cpu/gen_dcache.u_dcache/pc_r[31]_i_5_n_0
    SLICE_X59Y95         LUT5 (Prop_lut5_I4_O)        0.124    38.495 r  u_soc/u_cpu/gen_dcache.u_dcache/pc_r[31]_i_2/O
                         net (fo=1, routed)           0.000    38.495    u_soc/u_cpu/gen_dcache.u_dcache_n_103
    SLICE_X59Y95         FDCE                                         r  u_soc/u_cpu/pc_r_reg[31]/D
  -------------------------------------------------------------------    -------------------

                         (clock gen_pynq_clk_25m.clkout0 rise edge)
                                                     40.000    40.000 r  
    H16                                               0.000    40.000 r  CLK100MHZ (IN)
                         net (fo=0)                   0.000    40.000    CLK100MHZ
    H16                  IBUF (Prop_ibuf_I_O)         1.380    41.380 r  CLK100MHZ_IBUF_inst/O
                         net (fo=1, routed)           1.162    42.542    CLK100MHZ_IBUF
    MMCME2_ADV_X1Y2      MMCME2_ADV (Prop_mmcme2_adv_CLKIN1_CLKOUT0)
                                                     -7.814    34.728 r  gen_pynq_clk_25m.u_clk_mmcm/CLKOUT0
                         net (fo=1, routed)           2.012    36.740    gen_pynq_clk_25m.clkout0
    BUFGCTRL_X0Y16       BUFG (Prop_bufg_I_O)         0.091    36.831 r  gen_pynq_clk_25m.u_cpu_clk_bufg/O
                         net (fo=3950, routed)        1.537    38.368    u_soc/u_cpu/cpu_clk
    SLICE_X59Y95         FDCE                                         r  u_soc/u_cpu/pc_r_reg[31]/C
                         clock pessimism              0.466    38.834    
                         clock uncertainty           -0.088    38.746    
    SLICE_X59Y95         FDCE (Setup_fdce_C_D)        0.031    38.777    u_soc/u_cpu/pc_r_reg[31]
  -------------------------------------------------------------------
                         required time                         38.777    
                         arrival time                         -38.495    
  -------------------------------------------------------------------
                         slack                                  0.282    





Min Delay Paths
--------------------------------------------------------------------------------------
Slack (MET) :             0.062ns  (arrival time - required time)
  Source:                 u_soc/u_cpu/fetch_buf1_pc_r_reg[18]/C
                            (rising edge-triggered cell FDCE clocked by gen_pynq_clk_25m.clkout0  {rise@0.000ns fall@20.000ns period=40.000ns})
  Destination:            u_soc/u_cpu/fetch_buf0_pc_r_reg[18]/D
                            (rising edge-triggered cell FDCE clocked by gen_pynq_clk_25m.clkout0  {rise@0.000ns fall@20.000ns period=40.000ns})
  Path Group:             gen_pynq_clk_25m.clkout0
  Path Type:              Hold (Min at Fast Process Corner)
  Requirement:            0.000ns  (gen_pynq_clk_25m.clkout0 rise@0.000ns - gen_pynq_clk_25m.clkout0 rise@0.000ns)
  Data Path Delay:        0.414ns  (logic 0.186ns (44.960%)  route 0.228ns (55.040%))
  Logic Levels:           1  (LUT3=1)
  Clock Path Skew:        0.260ns (DCD - SCD - CPR)
    Destination Clock Delay (DCD):    -0.922ns
    Source Clock Delay      (SCD):    -0.678ns
    Clock Pessimism Removal (CPR):    -0.504ns

    Location             Delay type                Incr(ns)  Path(ns)    Netlist Resource(s)
  -------------------------------------------------------------------    -------------------
                         (clock gen_pynq_clk_25m.clkout0 rise edge)
                                                      0.000     0.000 r  
    H16                                               0.000     0.000 r  CLK100MHZ (IN)
                         net (fo=0)                   0.000     0.000    CLK100MHZ
    H16                  IBUF (Prop_ibuf_I_O)         0.219     0.219 r  CLK100MHZ_IBUF_inst/O
                         net (fo=1, routed)           0.440     0.659    CLK100MHZ_IBUF
    MMCME2_ADV_X1Y2      MMCME2_ADV (Prop_mmcme2_adv_CLKIN1_CLKOUT0)
                                                     -2.613    -1.954 r  gen_pynq_clk_25m.u_clk_mmcm/CLKOUT0
                         net (fo=1, routed)           0.696    -1.257    gen_pynq_clk_25m.clkout0
    BUFGCTRL_X0Y16       BUFG (Prop_bufg_I_O)         0.026    -1.231 r  gen_pynq_clk_25m.u_cpu_clk_bufg/O
                         net (fo=3950, routed)        0.553    -0.678    u_soc/u_cpu/cpu_clk
    SLICE_X49Y89         FDCE                                         r  u_soc/u_cpu/fetch_buf1_pc_r_reg[18]/C
  -------------------------------------------------------------------    -------------------
    SLICE_X49Y89         FDCE (Prop_fdce_C_Q)         0.141    -0.537 r  u_soc/u_cpu/fetch_buf1_pc_r_reg[18]/Q
                         net (fo=2, routed)           0.228    -0.310    u_soc/u_cpu/gen_dcache.u_dcache/fetch_buf0_pc_r_reg[31][18]
    SLICE_X51Y89         LUT3 (Prop_lut3_I0_O)        0.045    -0.265 r  u_soc/u_cpu/gen_dcache.u_dcache/fetch_buf0_pc_r[18]_i_1/O
                         net (fo=1, routed)           0.000    -0.265    u_soc/u_cpu/fetch_buf0_pc_next_data[18]
    SLICE_X51Y89         FDCE                                         r  u_soc/u_cpu/fetch_buf0_pc_r_reg[18]/D
  -------------------------------------------------------------------    -------------------

                         (clock gen_pynq_clk_25m.clkout0 rise edge)
                                                      0.000     0.000 r  
    H16                                               0.000     0.000 r  CLK100MHZ (IN)
                         net (fo=0)                   0.000     0.000    CLK100MHZ
    H16                  IBUF (Prop_ibuf_I_O)         0.406     0.406 r  CLK100MHZ_IBUF_inst/O
                         net (fo=1, routed)           0.480     0.886    CLK100MHZ_IBUF
    MMCME2_ADV_X1Y2      MMCME2_ADV (Prop_mmcme2_adv_CLKIN1_CLKOUT0)
                                                     -3.407    -2.521 r  gen_pynq_clk_25m.u_clk_mmcm/CLKOUT0
                         net (fo=1, routed)           0.752    -1.769    gen_pynq_clk_25m.clkout0
    BUFGCTRL_X0Y16       BUFG (Prop_bufg_I_O)         0.029    -1.740 r  gen_pynq_clk_25m.u_cpu_clk_bufg/O
                         net (fo=3950, routed)        0.818    -0.922    u_soc/u_cpu/cpu_clk
    SLICE_X51Y89         FDCE                                         r  u_soc/u_cpu/fetch_buf0_pc_r_reg[18]/C
                         clock pessimism              0.504    -0.418    
    SLICE_X51Y89         FDCE (Hold_fdce_C_D)         0.091    -0.327    u_soc/u_cpu/fetch_buf0_pc_r_reg[18]
  -------------------------------------------------------------------
                         required time                          0.327    
                         arrival time                          -0.265    
  -------------------------------------------------------------------
                         slack                                  0.062    





Pulse Width Checks
--------------------------------------------------------------------------------------
Clock Name:         gen_pynq_clk_25m.clkout0
Waveform(ns):       { 0.000 20.000 }
Period(ns):         40.000
Sources:            { gen_pynq_clk_25m.u_clk_mmcm/CLKOUT0 }

Check Type        Corner  Lib Pin             Reference Pin  Required(ns)  Actual(ns)  Slack(ns)  Location         Pin
Min Period        n/a     RAMB36E1/CLKARDCLK  n/a            2.944         40.000      37.056     RAMB36_X2Y14     u_soc/u_dmem_ram/g_sync_ram.g_posedge_read.ram_mem_reg_0/CLKARDCLK
Max Period        n/a     MMCME2_ADV/CLKOUT0  n/a            213.360       40.000      173.360    MMCME2_ADV_X1Y2  gen_pynq_clk_25m.u_clk_mmcm/CLKOUT0
Low Pulse Width   Slow    RAMD64E/CLK         n/a            1.250         20.000      18.750     SLICE_X38Y73     u_soc/u_cpu/gen_dcache.u_dcache/cache_data_reg_0_63_0_2/RAMA/CLK
High Pulse Width  Slow    RAMD64E/CLK         n/a            1.250         20.000      18.750     SLICE_X38Y73     u_soc/u_cpu/gen_dcache.u_dcache/cache_data_reg_0_63_0_2/RAMA/CLK



---------------------------------------------------------------------------------------------------
Path Group:  **async_default**
From Clock:  gen_pynq_clk_25m.clkout0
  To Clock:  gen_pynq_clk_25m.clkout0

Setup :            0  Failing Endpoints,  Worst Slack       26.104ns,  Total Violation        0.000ns
Hold  :            0  Failing Endpoints,  Worst Slack        0.682ns,  Total Violation        0.000ns
---------------------------------------------------------------------------------------------------


Max Delay Paths
--------------------------------------------------------------------------------------
Slack (MET) :             26.104ns  (required time - arrival time)
  Source:                 reset_sync_r_reg[4]/C
                            (rising edge-triggered cell FDCE clocked by gen_pynq_clk_25m.clkout0  {rise@0.000ns fall@20.000ns period=40.000ns})
  Destination:            u_soc/u_cpu/u_regfile/regs_reg[30][15]/CLR
                            (recovery check against rising-edge clock gen_pynq_clk_25m.clkout0  {rise@0.000ns fall@20.000ns period=40.000ns})
  Path Group:             **async_default**
  Path Type:              Recovery (Max at Slow Process Corner)
  Requirement:            40.000ns  (gen_pynq_clk_25m.clkout0 rise@40.000ns - gen_pynq_clk_25m.clkout0 rise@0.000ns)
  Data Path Delay:        13.394ns  (logic 0.853ns (6.368%)  route 12.541ns (93.632%))
  Logic Levels:           3  (LUT1=1 LUT4=1 LUT6=1)
  Clock Path Skew:        0.113ns (DCD - SCD + CPR)
    Destination Clock Delay (DCD):    -1.392ns = ( 38.608 - 40.000 ) 
    Source Clock Delay      (SCD):    -1.038ns
    Clock Pessimism Removal (CPR):    0.466ns
  Clock Uncertainty:      0.088ns  ((TSJ^2 + DJ^2)^1/2) / 2 + PE
    Total System Jitter     (TSJ):    0.071ns
    Discrete Jitter          (DJ):    0.161ns
    Phase Error              (PE):    0.000ns

    Location             Delay type                Incr(ns)  Path(ns)    Netlist Resource(s)
  -------------------------------------------------------------------    -------------------
                         (clock gen_pynq_clk_25m.clkout0 rise edge)
                                                      0.000     0.000 r  
    H16                                               0.000     0.000 r  CLK100MHZ (IN)
                         net (fo=0)                   0.000     0.000    CLK100MHZ
    H16                  IBUF (Prop_ibuf_I_O)         1.451     1.451 r  CLK100MHZ_IBUF_inst/O
                         net (fo=1, routed)           1.285     2.736    CLK100MHZ_IBUF
    MMCME2_ADV_X1Y2      MMCME2_ADV (Prop_mmcme2_adv_CLKIN1_CLKOUT0)
                                                     -7.759    -5.023 r  gen_pynq_clk_25m.u_clk_mmcm/CLKOUT0
                         net (fo=1, routed)           2.206    -2.817    gen_pynq_clk_25m.clkout0
    BUFGCTRL_X0Y16       BUFG (Prop_bufg_I_O)         0.101    -2.716 r  gen_pynq_clk_25m.u_cpu_clk_bufg/O
                         net (fo=3950, routed)        1.678    -1.038    cpu_clk
    SLICE_X27Y77         FDCE                                         r  reset_sync_r_reg[4]/C
  -------------------------------------------------------------------    -------------------
    SLICE_X27Y77         FDCE (Prop_fdce_C_Q)         0.456    -0.582 r  reset_sync_r_reg[4]/Q
                         net (fo=2, routed)           0.668     0.086    u_soc/u_cpu/u_regfile/bit_idx_r_reg[3][4]
    SLICE_X27Y77         LUT4 (Prop_lut4_I1_O)        0.124     0.210 f  u_soc/u_cpu/u_regfile/led_OBUF[0]_inst_i_2/O
                         net (fo=2, routed)           0.166     0.376    u_soc/u_cpu/u_regfile/reset_sync_r_reg[5]
    SLICE_X27Y77         LUT6 (Prop_lut6_I0_O)        0.124     0.500 r  u_soc/u_cpu/u_regfile/led_OBUF[0]_inst_i_1/O
                         net (fo=3, routed)           1.418     1.918    u_soc/u_cpu/u_regfile/led_OBUF[0]
    SLICE_X31Y95         LUT1 (Prop_lut1_I0_O)        0.149     2.067 f  u_soc/u_cpu/u_regfile/regs[0][31]_i_3/O
                         net (fo=2510, routed)       10.289    12.356    u_soc/u_cpu/u_regfile/reset_sync_r_reg[1]
    SLICE_X98Y114        FDCE                                         f  u_soc/u_cpu/u_regfile/regs_reg[30][15]/CLR
  -------------------------------------------------------------------    -------------------

                         (clock gen_pynq_clk_25m.clkout0 rise edge)
                                                     40.000    40.000 r  
    H16                                               0.000    40.000 r  CLK100MHZ (IN)
                         net (fo=0)                   0.000    40.000    CLK100MHZ
    H16                  IBUF (Prop_ibuf_I_O)         1.380    41.380 r  CLK100MHZ_IBUF_inst/O
                         net (fo=1, routed)           1.162    42.542    CLK100MHZ_IBUF
    MMCME2_ADV_X1Y2      MMCME2_ADV (Prop_mmcme2_adv_CLKIN1_CLKOUT0)
                                                     -7.814    34.728 r  gen_pynq_clk_25m.u_clk_mmcm/CLKOUT0
                         net (fo=1, routed)           2.012    36.740    gen_pynq_clk_25m.clkout0
    BUFGCTRL_X0Y16       BUFG (Prop_bufg_I_O)         0.091    36.831 r  gen_pynq_clk_25m.u_cpu_clk_bufg/O
                         net (fo=3950, routed)        1.777    38.608    u_soc/u_cpu/u_regfile/cpu_clk
    SLICE_X98Y114        FDCE                                         r  u_soc/u_cpu/u_regfile/regs_reg[30][15]/C
                         clock pessimism              0.466    39.075    
                         clock uncertainty           -0.088    38.987    
    SLICE_X98Y114        FDCE (Recov_fdce_C_CLR)     -0.527    38.460    u_soc/u_cpu/u_regfile/regs_reg[30][15]
  -------------------------------------------------------------------
                         required time                         38.460    
                         arrival time                         -12.356    
  -------------------------------------------------------------------
                         slack                                 26.104    





Min Delay Paths
--------------------------------------------------------------------------------------
Slack (MET) :             0.682ns  (arrival time - required time)
  Source:                 reset_sync_r_reg[0]/C
                            (rising edge-triggered cell FDCE clocked by gen_pynq_clk_25m.clkout0  {rise@0.000ns fall@20.000ns period=40.000ns})
  Destination:            u_uart_tx/frame_r_reg[1]/PRE
                            (removal check against rising-edge clock gen_pynq_clk_25m.clkout0  {rise@0.000ns fall@20.000ns period=40.000ns})
  Path Group:             **async_default**
  Path Type:              Removal (Min at Fast Process Corner)
  Requirement:            0.000ns  (gen_pynq_clk_25m.clkout0 rise@0.000ns - gen_pynq_clk_25m.clkout0 rise@0.000ns)
  Data Path Delay:        0.624ns  (logic 0.209ns (33.481%)  route 0.415ns (66.519%))
  Logic Levels:           1  (LUT6=1)
  Clock Path Skew:        0.037ns (DCD - SCD - CPR)
    Destination Clock Delay (DCD):    -0.906ns
    Source Clock Delay      (SCD):    -0.668ns
    Clock Pessimism Removal (CPR):    -0.274ns

    Location             Delay type                Incr(ns)  Path(ns)    Netlist Resource(s)
  -------------------------------------------------------------------    -------------------
                         (clock gen_pynq_clk_25m.clkout0 rise edge)
                                                      0.000     0.000 r  
    H16                                               0.000     0.000 r  CLK100MHZ (IN)
                         net (fo=0)                   0.000     0.000    CLK100MHZ
    H16                  IBUF (Prop_ibuf_I_O)         0.219     0.219 r  CLK100MHZ_IBUF_inst/O
                         net (fo=1, routed)           0.440     0.659    CLK100MHZ_IBUF
    MMCME2_ADV_X1Y2      MMCME2_ADV (Prop_mmcme2_adv_CLKIN1_CLKOUT0)
                                                     -2.613    -1.954 r  gen_pynq_clk_25m.u_clk_mmcm/CLKOUT0
                         net (fo=1, routed)           0.696    -1.257    gen_pynq_clk_25m.clkout0
    BUFGCTRL_X0Y16       BUFG (Prop_bufg_I_O)         0.026    -1.231 r  gen_pynq_clk_25m.u_cpu_clk_bufg/O
                         net (fo=3950, routed)        0.563    -0.668    cpu_clk
    SLICE_X26Y77         FDCE                                         r  reset_sync_r_reg[0]/C
  -------------------------------------------------------------------    -------------------
    SLICE_X26Y77         FDCE (Prop_fdce_C_Q)         0.164    -0.504 r  reset_sync_r_reg[0]/Q
                         net (fo=3, routed)           0.106    -0.398    u_uart_tx/Q[0]
    SLICE_X27Y77         LUT6 (Prop_lut6_I3_O)        0.045    -0.353 f  u_uart_tx/baud_cnt_r[7]_i_3/O
                         net (fo=22, routed)          0.309    -0.044    u_uart_tx/baud_cnt_r[7]_i_3_n_0
    SLICE_X28Y69         FDPE                                         f  u_uart_tx/frame_r_reg[1]/PRE
  -------------------------------------------------------------------    -------------------

                         (clock gen_pynq_clk_25m.clkout0 rise edge)
                                                      0.000     0.000 r  
    H16                                               0.000     0.000 r  CLK100MHZ (IN)
                         net (fo=0)                   0.000     0.000    CLK100MHZ
    H16                  IBUF (Prop_ibuf_I_O)         0.406     0.406 r  CLK100MHZ_IBUF_inst/O
                         net (fo=1, routed)           0.480     0.886    CLK100MHZ_IBUF
    MMCME2_ADV_X1Y2      MMCME2_ADV (Prop_mmcme2_adv_CLKIN1_CLKOUT0)
                                                     -3.407    -2.521 r  gen_pynq_clk_25m.u_clk_mmcm/CLKOUT0
                         net (fo=1, routed)           0.752    -1.769    gen_pynq_clk_25m.clkout0
    BUFGCTRL_X0Y16       BUFG (Prop_bufg_I_O)         0.029    -1.740 r  gen_pynq_clk_25m.u_cpu_clk_bufg/O
                         net (fo=3950, routed)        0.834    -0.906    u_uart_tx/CLK
    SLICE_X28Y69         FDPE                                         r  u_uart_tx/frame_r_reg[1]/C
                         clock pessimism              0.274    -0.631    
    SLICE_X28Y69         FDPE (Remov_fdpe_C_PRE)     -0.095    -0.726    u_uart_tx/frame_r_reg[1]
  -------------------------------------------------------------------
                         required time                          0.726    
                         arrival time                          -0.044    
  -------------------------------------------------------------------
                         slack                                  0.682    





