Copyright 1986-2022 Xilinx, Inc. All Rights Reserved. Copyright 2022-2025 Advanced Micro Devices, Inc. All Rights Reserved.
-----------------------------------------------------------------------------------------------------------------------------------------------------------------
| Tool Version : Vivado v.2025.2 (win64) Build 6299465 Fri Nov 14 19:35:11 GMT 2025
| Date         : Mon Jun  1 20:03:39 2026
| Host         : Toylog_desktop running 64-bit major release  (build 9200)
| Command      : report_utilization -hierarchical -hierarchical_depth 6 -file W:/project/reports/pynq_z2_sysclk_8p000ns_cpu50/synth_utilization_hierarchical.rpt
| Design       : YH_rv_cpu_fpga_top
| Device       : xc7z020clg400-1
| Speed File   : -1
| Design State : Synthesized
-----------------------------------------------------------------------------------------------------------------------------------------------------------------

Utilization Design Information

Table of Contents
-----------------
1. Utilization by Hierarchy

1. Utilization by Hierarchy
---------------------------

+----------------------------------+----------------------+------------+------------+---------+------+------+--------+--------+------------+
|             Instance             |        Module        | Total LUTs | Logic LUTs | LUTRAMs | SRLs |  FFs | RAMB36 | RAMB18 | DSP Blocks |
+----------------------------------+----------------------+------------+------------+---------+------+------+--------+--------+------------+
| YH_rv_cpu_fpga_top               |                (top) |       7316 |       7000 |     316 |    0 | 3157 |     20 |      0 |          8 |
|   (YH_rv_cpu_fpga_top)           |                (top) |          1 |          1 |       0 |    0 |   41 |      0 |      0 |          0 |
|   u_soc                          |        YH_rv_cpu_soc |       7293 |       6977 |     316 |    0 | 3093 |     20 |      0 |          8 |
|     (u_soc)                      |        YH_rv_cpu_soc |          0 |          0 |       0 |    0 |  206 |      0 |      0 |          0 |
|     u_cpu                        |            YH_rv_cpu |       7201 |       6885 |     316 |    0 | 2886 |      0 |      0 |          8 |
|       (u_cpu)                    |            YH_rv_cpu |        477 |        249 |     228 |    0 | 1046 |      0 |      0 |          0 |
|       gen_dcache.u_dcache        |     YH_rv_cpu_dcache |       4656 |       4568 |      88 |    0 |  816 |      0 |      0 |          0 |
|       u_ex_stage                 |   YH_rv_cpu_ex_stage |        126 |        126 |       0 |    0 |    0 |      0 |      0 |          8 |
|         u_alu                    |        YH_rv_cpu_alu |        126 |        126 |       0 |    0 |    0 |      0 |      0 |          8 |
|       u_fold_target_id_stage     |   YH_rv_cpu_id_stage |        557 |        557 |       0 |    0 |    0 |      0 |      0 |          0 |
|         (u_fold_target_id_stage) |   YH_rv_cpu_id_stage |        238 |        238 |       0 |    0 |    0 |      0 |      0 |          0 |
|         u_decoder                |  YH_rv_cpu_decoder_1 |        319 |        319 |       0 |    0 |    0 |      0 |      0 |          0 |
|       u_id_stage                 | YH_rv_cpu_id_stage_0 |        198 |        198 |       0 |    0 |    0 |      0 |      0 |          0 |
|         u_decoder                |    YH_rv_cpu_decoder |        198 |        198 |       0 |    0 |    0 |      0 |      0 |          0 |
|       u_regfile                  |    YH_rv_cpu_regfile |       1157 |       1157 |       0 |    0 | 1024 |      0 |      0 |          0 |
|     u_dmem_ram                   |       YH_rv_dmem_ram |         92 |         92 |       0 |    0 |    0 |      4 |      0 |          0 |
+----------------------------------+----------------------+------------+------------+---------+------+------+--------+--------+------------+


