Copyright 1986-2022 Xilinx, Inc. All Rights Reserved. Copyright 2022-2025 Advanced Micro Devices, Inc. All Rights Reserved.
-----------------------------------------------------------------------------------------------------------------------------------------------------------------
| Tool Version : Vivado v.2025.2 (win64) Build 6299465 Fri Nov 14 19:35:11 GMT 2025
| Date         : Tue May 26 15:10:51 2026
| Host         : Toylog_desktop running 64-bit major release  (build 9200)
| Command      : report_utilization -hierarchical -hierarchical_depth 6 -file V:/project/reports/pynq_z2_sysclk_8p000ns_cpu50/synth_utilization_hierarchical.rpt
| Design       : YH_rv_cpu_fpga_top
| Device       : xc7z020clg400-1
| Speed File   : -1
| Design State : Synthesized
-----------------------------------------------------------------------------------------------------------------------------------------------------------------

Utilization Design Information

Table of Contents
-----------------
1. Utilization by Hierarchy

1. Utilization by Hierarchy
---------------------------

+----------------------------------+----------------------+------------+------------+---------+------+------+--------+--------+------------+
|             Instance             |        Module        | Total LUTs | Logic LUTs | LUTRAMs | SRLs |  FFs | RAMB36 | RAMB18 | DSP Blocks |
+----------------------------------+----------------------+------------+------------+---------+------+------+--------+--------+------------+
| YH_rv_cpu_fpga_top               |                (top) |      10983 |       9399 |    1584 |    0 | 4212 |     20 |      0 |          8 |
|   (YH_rv_cpu_fpga_top)           |                (top) |          1 |          1 |       0 |    0 |   41 |      0 |      0 |          0 |
|   u_soc                          |        YH_rv_cpu_soc |      10960 |       9376 |    1584 |    0 | 4148 |     20 |      0 |          8 |
|     (u_soc)                      |        YH_rv_cpu_soc |          0 |          0 |       0 |    0 |  206 |      0 |      0 |          0 |
|     u_cpu                        |            YH_rv_cpu |      10845 |       9261 |    1584 |    0 | 3941 |      0 |      0 |          8 |
|       (u_cpu)                    |            YH_rv_cpu |       1865 |        457 |    1408 |    0 | 1609 |      0 |      0 |          0 |
|       gen_dcache.u_dcache        |     YH_rv_cpu_dcache |       6138 |       5962 |     176 |    0 | 1340 |      0 |      0 |          0 |
|       u_ex_stage                 |   YH_rv_cpu_ex_stage |        128 |        128 |       0 |    0 |    0 |      0 |      0 |          8 |
|         u_alu                    |        YH_rv_cpu_alu |        128 |        128 |       0 |    0 |    0 |      0 |      0 |          8 |
|       u_fold_target_id_stage     |   YH_rv_cpu_id_stage |        757 |        757 |       0 |    0 |    0 |      0 |      0 |          0 |
|         (u_fold_target_id_stage) |   YH_rv_cpu_id_stage |        517 |        517 |       0 |    0 |    0 |      0 |      0 |          0 |
|         u_decoder                |  YH_rv_cpu_decoder_1 |        240 |        240 |       0 |    0 |    0 |      0 |      0 |          0 |
|       u_id_stage                 | YH_rv_cpu_id_stage_0 |        185 |        185 |       0 |    0 |    0 |      0 |      0 |          0 |
|         u_decoder                |    YH_rv_cpu_decoder |        185 |        185 |       0 |    0 |    0 |      0 |      0 |          0 |
|       u_if_stage                 |   YH_rv_cpu_if_stage |         58 |         58 |       0 |    0 |    0 |      0 |      0 |          0 |
|       u_regfile                  |    YH_rv_cpu_regfile |       1667 |       1667 |       0 |    0 |  992 |      0 |      0 |          0 |
|     u_dmem_ram                   |       YH_rv_dmem_ram |        115 |        115 |       0 |    0 |    0 |      4 |      0 |          0 |
+----------------------------------+----------------------+------------+------------+---------+------+------+--------+--------+------------+


