Copyright 1986-2022 Xilinx, Inc. All Rights Reserved. Copyright 2022-2025 Advanced Micro Devices, Inc. All Rights Reserved.
-----------------------------------------------------------------------------------------------------------------------------------------------------------------
| Tool Version : Vivado v.2025.2 (win64) Build 6299465 Fri Nov 14 19:35:11 GMT 2025
| Date         : Fri May 29 10:13:48 2026
| Host         : Toylog_desktop running 64-bit major release  (build 9200)
| Command      : report_utilization -hierarchical -hierarchical_depth 6 -file V:/project/reports/pynq_z2_sysclk_8p000ns_cpu50/synth_utilization_hierarchical.rpt
| Design       : YH_rv_cpu_fpga_top
| Device       : xc7z020clg400-1
| Speed File   : -1
| Design State : Synthesized
-----------------------------------------------------------------------------------------------------------------------------------------------------------------

Utilization Design Information

Table of Contents
-----------------
1. Utilization by Hierarchy

1. Utilization by Hierarchy
---------------------------

+----------------------------------+----------------------+------------+------------+---------+------+------+--------+--------+------------+
|             Instance             |        Module        | Total LUTs | Logic LUTs | LUTRAMs | SRLs |  FFs | RAMB36 | RAMB18 | DSP Blocks |
+----------------------------------+----------------------+------------+------------+---------+------+------+--------+--------+------------+
| YH_rv_cpu_fpga_top               |                (top) |       7578 |       7330 |     248 |    0 | 3228 |     20 |      0 |          8 |
|   (YH_rv_cpu_fpga_top)           |                (top) |          1 |          1 |       0 |    0 |   41 |      0 |      0 |          0 |
|   u_soc                          |        YH_rv_cpu_soc |       7555 |       7307 |     248 |    0 | 3164 |     20 |      0 |          8 |
|     (u_soc)                      |        YH_rv_cpu_soc |          1 |          1 |       0 |    0 |  206 |      0 |      0 |          0 |
|     u_cpu                        |            YH_rv_cpu |       7410 |       7162 |     248 |    0 | 2957 |      0 |      0 |          8 |
|       (u_cpu)                    |            YH_rv_cpu |        410 |        250 |     160 |    0 | 1117 |      0 |      0 |          0 |
|       gen_dcache.u_dcache        |     YH_rv_cpu_dcache |       4790 |       4702 |      88 |    0 |  816 |      0 |      0 |          0 |
|       u_ex_stage                 |   YH_rv_cpu_ex_stage |        124 |        124 |       0 |    0 |    0 |      0 |      0 |          8 |
|         u_alu                    |        YH_rv_cpu_alu |        124 |        124 |       0 |    0 |    0 |      0 |      0 |          8 |
|       u_fold_target_id_stage     |   YH_rv_cpu_id_stage |        544 |        544 |       0 |    0 |    0 |      0 |      0 |          0 |
|         (u_fold_target_id_stage) |   YH_rv_cpu_id_stage |        267 |        267 |       0 |    0 |    0 |      0 |      0 |          0 |
|         u_decoder                |  YH_rv_cpu_decoder_1 |        277 |        277 |       0 |    0 |    0 |      0 |      0 |          0 |
|       u_id_stage                 | YH_rv_cpu_id_stage_0 |        184 |        184 |       0 |    0 |    0 |      0 |      0 |          0 |
|         u_decoder                |    YH_rv_cpu_decoder |        184 |        184 |       0 |    0 |    0 |      0 |      0 |          0 |
|       u_if_stage                 |   YH_rv_cpu_if_stage |         58 |         58 |       0 |    0 |    0 |      0 |      0 |          0 |
|       u_regfile                  |    YH_rv_cpu_regfile |       1252 |       1252 |       0 |    0 | 1024 |      0 |      0 |          0 |
|     u_dmem_ram                   |       YH_rv_dmem_ram |        123 |        123 |       0 |    0 |    0 |      4 |      0 |          0 |
+----------------------------------+----------------------+------------+------------+---------+------+------+--------+--------+------------+


