Copyright 1986-2022 Xilinx, Inc. All Rights Reserved. Copyright 2022-2025 Advanced Micro Devices, Inc. All Rights Reserved.
---------------------------------------------------------------------------------------------------------------------------------------------
| Tool Version : Vivado v.2025.2 (win64) Build 6299465 Fri Nov 14 19:35:11 GMT 2025
| Date         : Thu May  7 13:08:36 2026
| Host         : Toylog_desktop running 64-bit major release  (build 9200)
| Command      : report_timing_summary -file W:/project/reports/pynq_z2_sysclk_8p000ns_cpu50/impl_timing_summary.rpt
| Design       : YH_rv_cpu_fpga_top
| Device       : 7z020-clg400
| Speed File   : -1  PRODUCTION 1.12 2019-11-22
| Design State : Physopt postRoute
---------------------------------------------------------------------------------------------------------------------------------------------

Timing Summary Report

------------------------------------------------------------------------------------------------
| Timer Settings
| --------------
------------------------------------------------------------------------------------------------

  Enable Multi Corner Analysis               :  Yes
  Enable Pessimism Removal                   :  Yes
  Pessimism Removal Resolution               :  Nearest Common Node
  Enable Input Delay Default Clock           :  No
  Enable Preset / Clear Arcs                 :  No
  Disable Flight Delays                      :  No
  Ignore I/O Paths                           :  No
  Timing Early Launch at Borrowing Latches   :  No
  Borrow Time for Max Delay Exceptions       :  Yes
  Merge Timing Exceptions                    :  Yes
  Inter-SLR Compensation                     :  Conservative

  Corner  Analyze    Analyze    
  Name    Max Paths  Min Paths  
  ------  ---------  ---------  
  Slow    Yes        Yes        
  Fast    Yes        Yes        


------------------------------------------------------------------------------------------------
| Report Methodology
| ------------------
------------------------------------------------------------------------------------------------

No report available as report_methodology has not been run prior. Run report_methodology on the current design for the summary of methodology violations.



check_timing report

Table of Contents
-----------------
1. checking no_clock (0)
2. checking constant_clock (0)
3. checking pulse_width_clock (0)
4. checking unconstrained_internal_endpoints (0)
5. checking no_input_delay (1)
6. checking no_output_delay (4)
7. checking multiple_clock (0)
8. checking generated_clocks (0)
9. checking loops (0)
10. checking partial_input_delay (0)
11. checking partial_output_delay (0)
12. checking latch_loops (0)

1. checking no_clock (0)
------------------------
 There are 0 register/latch pins with no clock.


2. checking constant_clock (0)
------------------------------
 There are 0 register/latch pins with constant_clock.


3. checking pulse_width_clock (0)
---------------------------------
 There are 0 register/latch pins which need pulse_width check


4. checking unconstrained_internal_endpoints (0)
------------------------------------------------
 There are 0 pins that are not constrained for maximum delay.

 There are 0 pins that are not constrained for maximum delay due to constant clock.


5. checking no_input_delay (1)
------------------------------
 There is 1 input port with no input delay specified. (HIGH)

 There are 0 input ports with no input delay but user has a false path constraint.


6. checking no_output_delay (4)
-------------------------------
 There are 4 ports with no output delay specified. (HIGH)

 There are 0 ports with no output delay but user has a false path constraint

 There are 0 ports with no output delay but with a timing clock defined on it or propagating through it


7. checking multiple_clock (0)
------------------------------
 There are 0 register/latch pins with multiple clocks.


8. checking generated_clocks (0)
--------------------------------
 There are 0 generated clocks that are not connected to a clock source.


9. checking loops (0)
---------------------
 There are 0 combinational loops in the design.


10. checking partial_input_delay (0)
------------------------------------
 There are 0 input ports with partial input delay specified.


11. checking partial_output_delay (0)
-------------------------------------
 There are 0 ports with partial output delay specified.


12. checking latch_loops (0)
----------------------------
 There are 0 combinational latch loops in the design through latch input



------------------------------------------------------------------------------------------------
| Design Timing Summary
| ---------------------
------------------------------------------------------------------------------------------------

    WNS(ns)      TNS(ns)  TNS Failing Endpoints  TNS Total Endpoints      WHS(ns)      THS(ns)  THS Failing Endpoints  THS Total Endpoints     WPWS(ns)     TPWS(ns)  TPWS Failing Endpoints  TPWS Total Endpoints  
    -------      -------  ---------------------  -------------------      -------      -------  ---------------------  -------------------     --------     --------  ----------------------  --------------------  
      0.173        0.000                      0                 6943        0.016        0.000                      0                 6943        2.000        0.000                       0                  2331  


All user specified timing constraints are met.


------------------------------------------------------------------------------------------------
| Clock Summary
| -------------
------------------------------------------------------------------------------------------------

Clock                       Waveform(ns)         Period(ns)      Frequency(MHz)
-----                       ------------         ----------      --------------
pynq_sys_clk                {0.000 4.000}        8.000           125.000         
  gen_pynq_clk_50m.clkfb    {0.000 4.000}        8.000           125.000         
  gen_pynq_clk_50m.clkout0  {0.000 10.000}       20.000          50.000          


------------------------------------------------------------------------------------------------
| Intra Clock Table
| -----------------
------------------------------------------------------------------------------------------------

Clock                           WNS(ns)      TNS(ns)  TNS Failing Endpoints  TNS Total Endpoints      WHS(ns)      THS(ns)  THS Failing Endpoints  THS Total Endpoints     WPWS(ns)     TPWS(ns)  TPWS Failing Endpoints  TPWS Total Endpoints  
-----                           -------      -------  ---------------------  -------------------      -------      -------  ---------------------  -------------------     --------     --------  ----------------------  --------------------  
pynq_sys_clk                                                                                                                                                                  2.000        0.000                       0                     1  
  gen_pynq_clk_50m.clkfb                                                                                                                                                      5.845        0.000                       0                     3  
  gen_pynq_clk_50m.clkout0        0.173        0.000                      0                 4635        0.016        0.000                      0                 4635        9.500        0.000                       0                  2327  


------------------------------------------------------------------------------------------------
| Inter Clock Table
| -----------------
------------------------------------------------------------------------------------------------

From Clock    To Clock          WNS(ns)      TNS(ns)  TNS Failing Endpoints  TNS Total Endpoints      WHS(ns)      THS(ns)  THS Failing Endpoints  THS Total Endpoints  
----------    --------          -------      -------  ---------------------  -------------------      -------      -------  ---------------------  -------------------  


------------------------------------------------------------------------------------------------
| Other Path Groups Table
| -----------------------
------------------------------------------------------------------------------------------------

Path Group                From Clock                To Clock                      WNS(ns)      TNS(ns)  TNS Failing Endpoints  TNS Total Endpoints      WHS(ns)      THS(ns)  THS Failing Endpoints  THS Total Endpoints  
----------                ----------                --------                      -------      -------  ---------------------  -------------------      -------      -------  ---------------------  -------------------  
**async_default**         gen_pynq_clk_50m.clkout0  gen_pynq_clk_50m.clkout0        6.688        0.000                      0                 2308        0.709        0.000                      0                 2308  


------------------------------------------------------------------------------------------------
| Timing Details
| --------------
------------------------------------------------------------------------------------------------


---------------------------------------------------------------------------------------------------
From Clock:  pynq_sys_clk
  To Clock:  pynq_sys_clk

Setup :           NA  Failing Endpoints,  Worst Slack           NA  ,  Total Violation           NA
Hold  :           NA  Failing Endpoints,  Worst Slack           NA  ,  Total Violation           NA
PW    :            0  Failing Endpoints,  Worst Slack        2.000ns,  Total Violation        0.000ns
---------------------------------------------------------------------------------------------------


Pulse Width Checks
--------------------------------------------------------------------------------------
Clock Name:         pynq_sys_clk
Waveform(ns):       { 0.000 4.000 }
Period(ns):         8.000
Sources:            { CLK100MHZ }

Check Type        Corner  Lib Pin            Reference Pin  Required(ns)  Actual(ns)  Slack(ns)  Location         Pin
Min Period        n/a     MMCME2_ADV/CLKIN1  n/a            1.249         8.000       6.751      MMCME2_ADV_X1Y2  gen_pynq_clk_50m.u_clk_mmcm/CLKIN1
Max Period        n/a     MMCME2_ADV/CLKIN1  n/a            100.000       8.000       92.000     MMCME2_ADV_X1Y2  gen_pynq_clk_50m.u_clk_mmcm/CLKIN1
Low Pulse Width   Slow    MMCME2_ADV/CLKIN1  n/a            2.000         4.000       2.000      MMCME2_ADV_X1Y2  gen_pynq_clk_50m.u_clk_mmcm/CLKIN1
High Pulse Width  Slow    MMCME2_ADV/CLKIN1  n/a            2.000         4.000       2.000      MMCME2_ADV_X1Y2  gen_pynq_clk_50m.u_clk_mmcm/CLKIN1



---------------------------------------------------------------------------------------------------
From Clock:  gen_pynq_clk_50m.clkfb
  To Clock:  gen_pynq_clk_50m.clkfb

Setup :           NA  Failing Endpoints,  Worst Slack           NA  ,  Total Violation           NA
Hold  :           NA  Failing Endpoints,  Worst Slack           NA  ,  Total Violation           NA
PW    :            0  Failing Endpoints,  Worst Slack        5.845ns,  Total Violation        0.000ns
---------------------------------------------------------------------------------------------------


Pulse Width Checks
--------------------------------------------------------------------------------------
Clock Name:         gen_pynq_clk_50m.clkfb
Waveform(ns):       { 0.000 4.000 }
Period(ns):         8.000
Sources:            { gen_pynq_clk_50m.u_clk_mmcm/CLKFBOUT }

Check Type  Corner  Lib Pin             Reference Pin  Required(ns)  Actual(ns)  Slack(ns)  Location         Pin
Min Period  n/a     BUFG/I              n/a            2.155         8.000       5.845      BUFGCTRL_X0Y17   gen_pynq_clk_50m.u_clkfb_bufg/I
Max Period  n/a     MMCME2_ADV/CLKFBIN  n/a            100.000       8.000       92.000     MMCME2_ADV_X1Y2  gen_pynq_clk_50m.u_clk_mmcm/CLKFBIN



---------------------------------------------------------------------------------------------------
From Clock:  gen_pynq_clk_50m.clkout0
  To Clock:  gen_pynq_clk_50m.clkout0

Setup :            0  Failing Endpoints,  Worst Slack        0.173ns,  Total Violation        0.000ns
Hold  :            0  Failing Endpoints,  Worst Slack        0.016ns,  Total Violation        0.000ns
PW    :            0  Failing Endpoints,  Worst Slack        9.500ns,  Total Violation        0.000ns
---------------------------------------------------------------------------------------------------


Max Delay Paths
--------------------------------------------------------------------------------------
Slack (MET) :             0.173ns  (required time - arrival time)
  Source:                 u_soc/u_cpu/ex_mem_rd_addr_r_reg[3]/C
                            (rising edge-triggered cell FDCE clocked by gen_pynq_clk_50m.clkout0  {rise@0.000ns fall@10.000ns period=20.000ns})
  Destination:            u_soc/u_cpu/ex_mem_exec_result_r_reg[30]/D
                            (rising edge-triggered cell FDCE clocked by gen_pynq_clk_50m.clkout0  {rise@0.000ns fall@10.000ns period=20.000ns})
  Path Group:             gen_pynq_clk_50m.clkout0
  Path Type:              Setup (Max at Slow Process Corner)
  Requirement:            20.000ns  (gen_pynq_clk_50m.clkout0 rise@20.000ns - gen_pynq_clk_50m.clkout0 rise@0.000ns)
  Data Path Delay:        19.770ns  (logic 10.890ns (55.084%)  route 8.880ns (44.916%))
  Logic Levels:           16  (CARRY4=3 DSP48E1=3 LUT2=1 LUT3=1 LUT4=1 LUT5=2 LUT6=4 MUXF7=1)
  Clock Path Skew:        -0.009ns (DCD - SCD + CPR)
    Destination Clock Delay (DCD):    -1.651ns = ( 18.349 - 20.000 ) 
    Source Clock Delay      (SCD):    -1.075ns
    Clock Pessimism Removal (CPR):    0.567ns
  Clock Uncertainty:      0.079ns  ((TSJ^2 + DJ^2)^1/2) / 2 + PE
    Total System Jitter     (TSJ):    0.071ns
    Discrete Jitter          (DJ):    0.141ns
    Phase Error              (PE):    0.000ns

    Location             Delay type                Incr(ns)  Path(ns)    Netlist Resource(s)
  -------------------------------------------------------------------    -------------------
                         (clock gen_pynq_clk_50m.clkout0 rise edge)
                                                      0.000     0.000 r  
    H16                                               0.000     0.000 r  CLK100MHZ (IN)
                         net (fo=0)                   0.000     0.000    CLK100MHZ
    H16                  IBUF (Prop_ibuf_I_O)         1.451     1.451 r  CLK100MHZ_IBUF_inst/O
                         net (fo=1, routed)           1.285     2.736    CLK100MHZ_IBUF
    MMCME2_ADV_X1Y2      MMCME2_ADV (Prop_mmcme2_adv_CLKIN1_CLKOUT0)
                                                     -7.759    -5.023 r  gen_pynq_clk_50m.u_clk_mmcm/CLKOUT0
                         net (fo=1, routed)           2.206    -2.817    gen_pynq_clk_50m.clkout0
    BUFGCTRL_X0Y16       BUFG (Prop_bufg_I_O)         0.101    -2.716 r  gen_pynq_clk_50m.u_cpu_clk_bufg/O
                         net (fo=2325, routed)        1.641    -1.075    u_soc/u_cpu/cpu_clk
    SLICE_X37Y68         FDCE                                         r  u_soc/u_cpu/ex_mem_rd_addr_r_reg[3]/C
  -------------------------------------------------------------------    -------------------
    SLICE_X37Y68         FDCE (Prop_fdce_C_Q)         0.456    -0.619 r  u_soc/u_cpu/ex_mem_rd_addr_r_reg[3]/Q
                         net (fo=11, routed)          0.999     0.380    u_soc/u_cpu/u_ex_stage/u_alu/gen_mul_extension.mul_signed_i_142_2[3]
    SLICE_X37Y68         LUT4 (Prop_lut4_I2_O)        0.124     0.504 r  u_soc/u_cpu/u_ex_stage/u_alu/gen_mul_extension.mul_signed_i_162/O
                         net (fo=1, routed)           1.000     1.504    u_soc/u_cpu/u_ex_stage/u_alu/gen_mul_extension.mul_signed_i_162_n_0
    SLICE_X36Y66         LUT6 (Prop_lut6_I1_O)        0.124     1.628 r  u_soc/u_cpu/u_ex_stage/u_alu/gen_mul_extension.mul_signed_i_116/O
                         net (fo=44, routed)          0.787     2.415    u_soc/u_cpu/u_ex_stage/u_alu/ex_mem_rd_en_r_reg
    SLICE_X40Y67         LUT6 (Prop_lut6_I3_O)        0.124     2.539 r  u_soc/u_cpu/u_ex_stage/u_alu/gen_mul_extension.mul_signed__1_i_52/O
                         net (fo=1, routed)           0.484     3.023    u_soc/u_cpu_n_320
    SLICE_X41Y66         LUT6 (Prop_lut6_I4_O)        0.124     3.147 r  u_soc/gen_mul_extension.mul_signed__1_i_31/O
                         net (fo=11, routed)          0.598     3.746    u_soc/u_cpu/u_ex_stage/u_alu/gen_mul_extension.mul_unsigned__2_8
    SLICE_X41Y66         LUT2 (Prop_lut2_I0_O)        0.150     3.896 r  u_soc/u_cpu/u_ex_stage/u_alu/gen_mul_extension.mul_signed__1_i_14/O
                         net (fo=71, routed)          1.502     5.398    u_soc/u_cpu/u_ex_stage/u_alu/id_ex_alu_src1_pc_r_reg[5]
    DSP48_X2Y16          DSP48E1 (Prop_dsp48e1_A[5]_PCOUT[47])
                                                      4.244     9.642 r  u_soc/u_cpu/u_ex_stage/u_alu/gen_mul_extension.mul_mix__3/PCOUT[47]
                         net (fo=1, routed)           0.002     9.644    u_soc/u_cpu/u_ex_stage/u_alu/gen_mul_extension.mul_mix__3_n_106
    DSP48_X2Y17          DSP48E1 (Prop_dsp48e1_PCIN[47]_PCOUT[47])
                                                      1.713    11.357 r  u_soc/u_cpu/u_ex_stage/u_alu/gen_mul_extension.mul_mix__4/PCOUT[47]
                         net (fo=1, routed)           0.002    11.359    u_soc/u_cpu/u_ex_stage/u_alu/gen_mul_extension.mul_mix__4_n_106
    DSP48_X2Y18          DSP48E1 (Prop_dsp48e1_PCIN[47]_P[35])
                                                      1.518    12.877 r  u_soc/u_cpu/u_ex_stage/u_alu/gen_mul_extension.mul_mix__5/P[35]
                         net (fo=3, routed)           1.579    14.456    u_soc/u_cpu/u_ex_stage/u_alu/gen_mul_extension.mul_mix__5_n_70
    SLICE_X34Y62         LUT3 (Prop_lut3_I0_O)        0.156    14.612 r  u_soc/u_cpu/u_ex_stage/u_alu/ex_mem_exec_result_r[23]_i_42/O
                         net (fo=2, routed)           0.534    15.145    u_soc/u_cpu/u_ex_stage/u_alu/ex_mem_exec_result_r[23]_i_42_n_0
    SLICE_X34Y63         CARRY4 (Prop_carry4_DI[0]_CO[3])
                                                      0.781    15.926 r  u_soc/u_cpu/u_ex_stage/u_alu/ex_mem_exec_result_r_reg[23]_i_11/CO[3]
                         net (fo=1, routed)           0.000    15.926    u_soc/u_cpu/u_ex_stage/u_alu/ex_mem_exec_result_r_reg[23]_i_11_n_0
    SLICE_X34Y64         CARRY4 (Prop_carry4_CI_CO[3])
                                                      0.117    16.043 r  u_soc/u_cpu/u_ex_stage/u_alu/ex_mem_exec_result_r_reg[28]_i_11/CO[3]
                         net (fo=1, routed)           0.000    16.043    u_soc/u_cpu/u_ex_stage/u_alu/ex_mem_exec_result_r_reg[28]_i_11_n_0
    SLICE_X34Y65         CARRY4 (Prop_carry4_CI_O[1])
                                                      0.323    16.366 r  u_soc/u_cpu/u_ex_stage/u_alu/ex_mem_exec_result_r_reg[31]_i_25/O[1]
                         net (fo=1, routed)           0.675    17.041    u_soc/u_cpu/u_ex_stage/u_alu/data11[30]
    SLICE_X30Y66         LUT5 (Prop_lut5_I0_O)        0.306    17.347 r  u_soc/u_cpu/u_ex_stage/u_alu/ex_mem_exec_result_r[30]_i_7/O
                         net (fo=1, routed)           0.000    17.347    u_soc/u_cpu/u_ex_stage/u_alu/ex_mem_exec_result_r[30]_i_7_n_0
    SLICE_X30Y66         MUXF7 (Prop_muxf7_I0_O)      0.209    17.556 r  u_soc/u_cpu/u_ex_stage/u_alu/ex_mem_exec_result_r_reg[30]_i_3/O
                         net (fo=1, routed)           0.454    18.011    u_soc/u_cpu/u_ex_stage/u_alu/ex_mem_exec_result_r_reg[30]_i_3_n_0
    SLICE_X31Y66         LUT6 (Prop_lut6_I0_O)        0.297    18.308 r  u_soc/u_cpu/u_ex_stage/u_alu/ex_mem_exec_result_r[30]_i_2/O
                         net (fo=1, routed)           0.263    18.571    u_soc/u_cpu/u_ex_stage/u_alu/alu_result[30]
    SLICE_X31Y66         LUT5 (Prop_lut5_I4_O)        0.124    18.695 r  u_soc/u_cpu/u_ex_stage/u_alu/ex_mem_exec_result_r[30]_i_1/O
                         net (fo=1, routed)           0.000    18.695    u_soc/u_cpu/ex_exec_result_final[30]
    SLICE_X31Y66         FDCE                                         r  u_soc/u_cpu/ex_mem_exec_result_r_reg[30]/D
  -------------------------------------------------------------------    -------------------

                         (clock gen_pynq_clk_50m.clkout0 rise edge)
                                                     20.000    20.000 r  
    H16                                               0.000    20.000 r  CLK100MHZ (IN)
                         net (fo=0)                   0.000    20.000    CLK100MHZ
    H16                  IBUF (Prop_ibuf_I_O)         1.380    21.380 r  CLK100MHZ_IBUF_inst/O
                         net (fo=1, routed)           1.162    22.542    CLK100MHZ_IBUF
    MMCME2_ADV_X1Y2      MMCME2_ADV (Prop_mmcme2_adv_CLKIN1_CLKOUT0)
                                                     -7.814    14.728 r  gen_pynq_clk_50m.u_clk_mmcm/CLKOUT0
                         net (fo=1, routed)           2.012    16.740    gen_pynq_clk_50m.clkout0
    BUFGCTRL_X0Y16       BUFG (Prop_bufg_I_O)         0.091    16.831 r  gen_pynq_clk_50m.u_cpu_clk_bufg/O
                         net (fo=2325, routed)        1.518    18.349    u_soc/u_cpu/cpu_clk
    SLICE_X31Y66         FDCE                                         r  u_soc/u_cpu/ex_mem_exec_result_r_reg[30]/C
                         clock pessimism              0.567    18.916    
                         clock uncertainty           -0.079    18.837    
    SLICE_X31Y66         FDCE (Setup_fdce_C_D)        0.031    18.868    u_soc/u_cpu/ex_mem_exec_result_r_reg[30]
  -------------------------------------------------------------------
                         required time                         18.868    
                         arrival time                         -18.695    
  -------------------------------------------------------------------
                         slack                                  0.173    





Min Delay Paths
--------------------------------------------------------------------------------------
Slack (MET) :             0.016ns  (arrival time - required time)
  Source:                 u_soc/u_cpu/fetch_pc_r_reg[27]/C
                            (rising edge-triggered cell FDCE clocked by gen_pynq_clk_50m.clkout0  {rise@0.000ns fall@10.000ns period=20.000ns})
  Destination:            u_soc/u_cpu/fetch_buf1_pc_r_reg[27]/D
                            (rising edge-triggered cell FDCE clocked by gen_pynq_clk_50m.clkout0  {rise@0.000ns fall@10.000ns period=20.000ns})
  Path Group:             gen_pynq_clk_50m.clkout0
  Path Type:              Hold (Min at Fast Process Corner)
  Requirement:            0.000ns  (gen_pynq_clk_50m.clkout0 rise@0.000ns - gen_pynq_clk_50m.clkout0 rise@0.000ns)
  Data Path Delay:        0.354ns  (logic 0.141ns (39.787%)  route 0.213ns (60.213%))
  Logic Levels:           0  
  Clock Path Skew:        0.266ns (DCD - SCD - CPR)
    Destination Clock Delay (DCD):    -0.925ns
    Source Clock Delay      (SCD):    -0.687ns
    Clock Pessimism Removal (CPR):    -0.504ns

    Location             Delay type                Incr(ns)  Path(ns)    Netlist Resource(s)
  -------------------------------------------------------------------    -------------------
                         (clock gen_pynq_clk_50m.clkout0 rise edge)
                                                      0.000     0.000 r  
    H16                                               0.000     0.000 r  CLK100MHZ (IN)
                         net (fo=0)                   0.000     0.000    CLK100MHZ
    H16                  IBUF (Prop_ibuf_I_O)         0.219     0.219 r  CLK100MHZ_IBUF_inst/O
                         net (fo=1, routed)           0.440     0.659    CLK100MHZ_IBUF
    MMCME2_ADV_X1Y2      MMCME2_ADV (Prop_mmcme2_adv_CLKIN1_CLKOUT0)
                                                     -2.613    -1.954 r  gen_pynq_clk_50m.u_clk_mmcm/CLKOUT0
                         net (fo=1, routed)           0.696    -1.257    gen_pynq_clk_50m.clkout0
    BUFGCTRL_X0Y16       BUFG (Prop_bufg_I_O)         0.026    -1.231 r  gen_pynq_clk_50m.u_cpu_clk_bufg/O
                         net (fo=2325, routed)        0.544    -0.687    u_soc/u_cpu/cpu_clk
    SLICE_X52Y80         FDCE                                         r  u_soc/u_cpu/fetch_pc_r_reg[27]/C
  -------------------------------------------------------------------    -------------------
    SLICE_X52Y80         FDCE (Prop_fdce_C_Q)         0.141    -0.546 r  u_soc/u_cpu/fetch_pc_r_reg[27]/Q
                         net (fo=3, routed)           0.213    -0.333    u_soc/u_cpu/fetch_pc_r[27]
    SLICE_X48Y81         FDCE                                         r  u_soc/u_cpu/fetch_buf1_pc_r_reg[27]/D
  -------------------------------------------------------------------    -------------------

                         (clock gen_pynq_clk_50m.clkout0 rise edge)
                                                      0.000     0.000 r  
    H16                                               0.000     0.000 r  CLK100MHZ (IN)
                         net (fo=0)                   0.000     0.000    CLK100MHZ
    H16                  IBUF (Prop_ibuf_I_O)         0.406     0.406 r  CLK100MHZ_IBUF_inst/O
                         net (fo=1, routed)           0.480     0.886    CLK100MHZ_IBUF
    MMCME2_ADV_X1Y2      MMCME2_ADV (Prop_mmcme2_adv_CLKIN1_CLKOUT0)
                                                     -3.407    -2.521 r  gen_pynq_clk_50m.u_clk_mmcm/CLKOUT0
                         net (fo=1, routed)           0.752    -1.769    gen_pynq_clk_50m.clkout0
    BUFGCTRL_X0Y16       BUFG (Prop_bufg_I_O)         0.029    -1.740 r  gen_pynq_clk_50m.u_cpu_clk_bufg/O
                         net (fo=2325, routed)        0.815    -0.925    u_soc/u_cpu/cpu_clk
    SLICE_X48Y81         FDCE                                         r  u_soc/u_cpu/fetch_buf1_pc_r_reg[27]/C
                         clock pessimism              0.504    -0.421    
    SLICE_X48Y81         FDCE (Hold_fdce_C_D)         0.072    -0.349    u_soc/u_cpu/fetch_buf1_pc_r_reg[27]
  -------------------------------------------------------------------
                         required time                          0.349    
                         arrival time                          -0.333    
  -------------------------------------------------------------------
                         slack                                  0.016    





Pulse Width Checks
--------------------------------------------------------------------------------------
Clock Name:         gen_pynq_clk_50m.clkout0
Waveform(ns):       { 0.000 10.000 }
Period(ns):         20.000
Sources:            { gen_pynq_clk_50m.u_clk_mmcm/CLKOUT0 }

Check Type        Corner  Lib Pin             Reference Pin  Required(ns)  Actual(ns)  Slack(ns)  Location         Pin
Min Period        n/a     RAMB36E1/CLKARDCLK  n/a            2.944         20.000      17.056     RAMB36_X2Y17     u_soc/u_dmem_ram/g_sync_ram.g_posedge_read.ram_mem_reg_0/CLKARDCLK
Max Period        n/a     MMCME2_ADV/CLKOUT0  n/a            213.360       20.000      193.360    MMCME2_ADV_X1Y2  gen_pynq_clk_50m.u_clk_mmcm/CLKOUT0
Low Pulse Width   Slow    FDCE/C              n/a            0.500         10.000      9.500      SLICE_X61Y110    reset_sync_r_reg[0]/C
High Pulse Width  Slow    FDCE/C              n/a            0.500         10.000      9.500      SLICE_X61Y110    reset_sync_r_reg[0]/C



---------------------------------------------------------------------------------------------------
Path Group:  **async_default**
From Clock:  gen_pynq_clk_50m.clkout0
  To Clock:  gen_pynq_clk_50m.clkout0

Setup :            0  Failing Endpoints,  Worst Slack        6.688ns,  Total Violation        0.000ns
Hold  :            0  Failing Endpoints,  Worst Slack        0.709ns,  Total Violation        0.000ns
---------------------------------------------------------------------------------------------------


Max Delay Paths
--------------------------------------------------------------------------------------
Slack (MET) :             6.688ns  (required time - arrival time)
  Source:                 reset_sync_r_reg[5]/C
                            (rising edge-triggered cell FDCE clocked by gen_pynq_clk_50m.clkout0  {rise@0.000ns fall@10.000ns period=20.000ns})
  Destination:            u_soc/u_cpu/fetch_buf1_instruction_r_reg[19]/CLR
                            (recovery check against rising-edge clock gen_pynq_clk_50m.clkout0  {rise@0.000ns fall@10.000ns period=20.000ns})
  Path Group:             **async_default**
  Path Type:              Recovery (Max at Slow Process Corner)
  Requirement:            20.000ns  (gen_pynq_clk_50m.clkout0 rise@20.000ns - gen_pynq_clk_50m.clkout0 rise@0.000ns)
  Data Path Delay:        12.409ns  (logic 0.704ns (5.674%)  route 11.705ns (94.326%))
  Logic Levels:           2  (LUT4=1 LUT6=1)
  Clock Path Skew:        -0.419ns (DCD - SCD + CPR)
    Destination Clock Delay (DCD):    -1.698ns = ( 18.302 - 20.000 ) 
    Source Clock Delay      (SCD):    -0.812ns
    Clock Pessimism Removal (CPR):    0.466ns
  Clock Uncertainty:      0.079ns  ((TSJ^2 + DJ^2)^1/2) / 2 + PE
    Total System Jitter     (TSJ):    0.071ns
    Discrete Jitter          (DJ):    0.141ns
    Phase Error              (PE):    0.000ns

    Location             Delay type                Incr(ns)  Path(ns)    Netlist Resource(s)
  -------------------------------------------------------------------    -------------------
                         (clock gen_pynq_clk_50m.clkout0 rise edge)
                                                      0.000     0.000 r  
    H16                                               0.000     0.000 r  CLK100MHZ (IN)
                         net (fo=0)                   0.000     0.000    CLK100MHZ
    H16                  IBUF (Prop_ibuf_I_O)         1.451     1.451 r  CLK100MHZ_IBUF_inst/O
                         net (fo=1, routed)           1.285     2.736    CLK100MHZ_IBUF
    MMCME2_ADV_X1Y2      MMCME2_ADV (Prop_mmcme2_adv_CLKIN1_CLKOUT0)
                                                     -7.759    -5.023 r  gen_pynq_clk_50m.u_clk_mmcm/CLKOUT0
                         net (fo=1, routed)           2.206    -2.817    gen_pynq_clk_50m.clkout0
    BUFGCTRL_X0Y16       BUFG (Prop_bufg_I_O)         0.101    -2.716 r  gen_pynq_clk_50m.u_cpu_clk_bufg/O
                         net (fo=2325, routed)        1.904    -0.812    cpu_clk
    SLICE_X60Y110        FDCE                                         r  reset_sync_r_reg[5]/C
  -------------------------------------------------------------------    -------------------
    SLICE_X60Y110        FDCE (Prop_fdce_C_Q)         0.456    -0.356 r  reset_sync_r_reg[5]/Q
                         net (fo=2, routed)           0.787     0.430    u_soc/u_cpu/u_regfile/Q[5]
    SLICE_X60Y110        LUT4 (Prop_lut4_I0_O)        0.124     0.554 f  u_soc/u_cpu/u_regfile/led_OBUF[0]_inst_i_2/O
                         net (fo=2, routed)           0.583     1.137    u_soc/u_cpu/u_regfile/reset_sync_r_reg[5]
    SLICE_X60Y109        LUT6 (Prop_lut6_I5_O)        0.124     1.261 f  u_soc/u_cpu/u_regfile/regs[1][31]_i_3/O
                         net (fo=2308, routed)       10.335    11.596    u_soc/u_cpu/gen_pynq_clk_50m.u_clk_mmcm
    SLICE_X40Y82         FDCE                                         f  u_soc/u_cpu/fetch_buf1_instruction_r_reg[19]/CLR
  -------------------------------------------------------------------    -------------------

                         (clock gen_pynq_clk_50m.clkout0 rise edge)
                                                     20.000    20.000 r  
    H16                                               0.000    20.000 r  CLK100MHZ (IN)
                         net (fo=0)                   0.000    20.000    CLK100MHZ
    H16                  IBUF (Prop_ibuf_I_O)         1.380    21.380 r  CLK100MHZ_IBUF_inst/O
                         net (fo=1, routed)           1.162    22.542    CLK100MHZ_IBUF
    MMCME2_ADV_X1Y2      MMCME2_ADV (Prop_mmcme2_adv_CLKIN1_CLKOUT0)
                                                     -7.814    14.728 r  gen_pynq_clk_50m.u_clk_mmcm/CLKOUT0
                         net (fo=1, routed)           2.012    16.740    gen_pynq_clk_50m.clkout0
    BUFGCTRL_X0Y16       BUFG (Prop_bufg_I_O)         0.091    16.831 r  gen_pynq_clk_50m.u_cpu_clk_bufg/O
                         net (fo=2325, routed)        1.471    18.302    u_soc/u_cpu/cpu_clk
    SLICE_X40Y82         FDCE                                         r  u_soc/u_cpu/fetch_buf1_instruction_r_reg[19]/C
                         clock pessimism              0.466    18.768    
                         clock uncertainty           -0.079    18.689    
    SLICE_X40Y82         FDCE (Recov_fdce_C_CLR)     -0.405    18.284    u_soc/u_cpu/fetch_buf1_instruction_r_reg[19]
  -------------------------------------------------------------------
                         required time                         18.284    
                         arrival time                         -11.596    
  -------------------------------------------------------------------
                         slack                                  6.688    





Min Delay Paths
--------------------------------------------------------------------------------------
Slack (MET) :             0.709ns  (arrival time - required time)
  Source:                 reset_sync_r_reg[0]/C
                            (rising edge-triggered cell FDCE clocked by gen_pynq_clk_50m.clkout0  {rise@0.000ns fall@10.000ns period=20.000ns})
  Destination:            u_soc/u_cpu/u_regfile/regs_reg[20][25]/CLR
                            (removal check against rising-edge clock gen_pynq_clk_50m.clkout0  {rise@0.000ns fall@10.000ns period=20.000ns})
  Path Group:             **async_default**
  Path Type:              Removal (Min at Fast Process Corner)
  Requirement:            0.000ns  (gen_pynq_clk_50m.clkout0 rise@0.000ns - gen_pynq_clk_50m.clkout0 rise@0.000ns)
  Data Path Delay:        0.800ns  (logic 0.186ns (23.238%)  route 0.614ns (76.762%))
  Logic Levels:           1  (LUT6=1)
  Clock Path Skew:        0.184ns (DCD - SCD - CPR)
    Destination Clock Delay (DCD):    -0.892ns
    Source Clock Delay      (SCD):    -0.572ns
    Clock Pessimism Removal (CPR):    -0.504ns

    Location             Delay type                Incr(ns)  Path(ns)    Netlist Resource(s)
  -------------------------------------------------------------------    -------------------
                         (clock gen_pynq_clk_50m.clkout0 rise edge)
                                                      0.000     0.000 r  
    H16                                               0.000     0.000 r  CLK100MHZ (IN)
                         net (fo=0)                   0.000     0.000    CLK100MHZ
    H16                  IBUF (Prop_ibuf_I_O)         0.219     0.219 r  CLK100MHZ_IBUF_inst/O
                         net (fo=1, routed)           0.440     0.659    CLK100MHZ_IBUF
    MMCME2_ADV_X1Y2      MMCME2_ADV (Prop_mmcme2_adv_CLKIN1_CLKOUT0)
                                                     -2.613    -1.954 r  gen_pynq_clk_50m.u_clk_mmcm/CLKOUT0
                         net (fo=1, routed)           0.696    -1.257    gen_pynq_clk_50m.clkout0
    BUFGCTRL_X0Y16       BUFG (Prop_bufg_I_O)         0.026    -1.231 r  gen_pynq_clk_50m.u_cpu_clk_bufg/O
                         net (fo=2325, routed)        0.659    -0.572    cpu_clk
    SLICE_X61Y110        FDCE                                         r  reset_sync_r_reg[0]/C
  -------------------------------------------------------------------    -------------------
    SLICE_X61Y110        FDCE (Prop_fdce_C_Q)         0.141    -0.431 r  reset_sync_r_reg[0]/Q
                         net (fo=3, routed)           0.173    -0.258    u_soc/u_cpu/u_regfile/Q[0]
    SLICE_X60Y109        LUT6 (Prop_lut6_I3_O)        0.045    -0.213 f  u_soc/u_cpu/u_regfile/regs[1][31]_i_3/O
                         net (fo=2308, routed)        0.441     0.228    u_soc/u_cpu/u_regfile/gen_pynq_clk_50m.u_clk_mmcm
    SLICE_X57Y97         FDCE                                         f  u_soc/u_cpu/u_regfile/regs_reg[20][25]/CLR
  -------------------------------------------------------------------    -------------------

                         (clock gen_pynq_clk_50m.clkout0 rise edge)
                                                      0.000     0.000 r  
    H16                                               0.000     0.000 r  CLK100MHZ (IN)
                         net (fo=0)                   0.000     0.000    CLK100MHZ
    H16                  IBUF (Prop_ibuf_I_O)         0.406     0.406 r  CLK100MHZ_IBUF_inst/O
                         net (fo=1, routed)           0.480     0.886    CLK100MHZ_IBUF
    MMCME2_ADV_X1Y2      MMCME2_ADV (Prop_mmcme2_adv_CLKIN1_CLKOUT0)
                                                     -3.407    -2.521 r  gen_pynq_clk_50m.u_clk_mmcm/CLKOUT0
                         net (fo=1, routed)           0.752    -1.769    gen_pynq_clk_50m.clkout0
    BUFGCTRL_X0Y16       BUFG (Prop_bufg_I_O)         0.029    -1.740 r  gen_pynq_clk_50m.u_cpu_clk_bufg/O
                         net (fo=2325, routed)        0.848    -0.892    u_soc/u_cpu/u_regfile/cpu_clk
    SLICE_X57Y97         FDCE                                         r  u_soc/u_cpu/u_regfile/regs_reg[20][25]/C
                         clock pessimism              0.504    -0.388    
    SLICE_X57Y97         FDCE (Remov_fdce_C_CLR)     -0.092    -0.480    u_soc/u_cpu/u_regfile/regs_reg[20][25]
  -------------------------------------------------------------------
                         required time                          0.480    
                         arrival time                           0.228    
  -------------------------------------------------------------------
                         slack                                  0.709    





